BL51 BANKED LINKER/LOCATER V6.22                                                        05/27/2019  15:40:45  PAGE 1


BL51 BANKED LINKER/LOCATER V6.22, INVOKED BY:
C:\KEIL_V5\C51\BIN\BL51.EXE .\output\delay.obj, .\output\main.obj, .\output\ds1302.obj, .\output\IIC.obj, .\output\ds18b
>> 20.obj, .\output\hb.obj, .\output\yuyin.obj, .\output\alarm.obj, .\output\switch_screen.obj, .\output\main2233.obj TO
>>  .\output\DS18b20 PRINT (.\output\DS18b20.m51) RAMSIZE (256)


MEMORY MODEL: LARGE


INPUT MODULES INCLUDED:
  .\output\delay.obj (DELAY)
  .\output\main.obj (MAIN)
  .\output\ds1302.obj (DS1302)
  .\output\IIC.obj (IIC)
  .\output\ds18b20.obj (DS18B20)
  .\output\hb.obj (HB)
  .\output\yuyin.obj (YUYIN)
  .\output\alarm.obj (ALARM)
  .\output\switch_screen.obj (SWITCH_SCREEN)
  .\output\main2233.obj (MAIN2233)
  C:\KEIL_V5\C51\LIB\C51L.LIB (?C_STARTUP)
  C:\KEIL_V5\C51\LIB\C51L.LIB (?C?COPY)
  C:\KEIL_V5\C51\LIB\C51L.LIB (?C?CLDPTR)
  C:\KEIL_V5\C51\LIB\C51L.LIB (?C?CLDOPTR)
  C:\KEIL_V5\C51\LIB\C51L.LIB (?C?CILDPTR)
  C:\KEIL_V5\C51\LIB\C51L.LIB (?C?CILDOPTR)
  C:\KEIL_V5\C51\LIB\C51L.LIB (?C?CSTPTR)
  C:\KEIL_V5\C51\LIB\C51L.LIB (?C?CSTOPTR)
  C:\KEIL_V5\C51\LIB\C51L.LIB (?C?IMUL)
  C:\KEIL_V5\C51\LIB\C51L.LIB (?C?UIDIV)
  C:\KEIL_V5\C51\LIB\C51L.LIB (?C?IILDX)
  C:\KEIL_V5\C51\LIB\C51L.LIB (?C?OFFXADD)
  C:\KEIL_V5\C51\LIB\C51L.LIB (?C?PLDXDATA)
  C:\KEIL_V5\C51\LIB\C51L.LIB (?C?PLDIXDATA)
  C:\KEIL_V5\C51\LIB\C51L.LIB (?C?PSTXDATA)
  C:\KEIL_V5\C51\LIB\C51L.LIB (?C?CCASE)
  C:\KEIL_V5\C51\LIB\C51L.LIB (STRSTR)
  C:\KEIL_V5\C51\LIB\C51L.LIB (?C_INIT)


LINK MAP OF MODULE:  .\output\DS18b20 (DELAY)


            TYPE    BASE      LENGTH    RELOCATION   SEGMENT NAME
            -----------------------------------------------------

            * * * * * * *   D A T A   M E M O R Y   * * * * * * *
            REG     0000H     0008H     ABSOLUTE     "REG BANK 0"
            DATA    0008H     0012H     UNIT         ?DT?GET_CLINET?MAIN2233
                    001AH     0006H                  *** GAP ***
            BIT     0020H.0   0000H.4   UNIT         ?BI?MAIN
            BIT     0020H.4   0000H.3   UNIT         _BIT_GROUP_
            BIT     0020H.7   0000H.2   UNIT         ?BI?HB
                    0021H.1   0000H.7                *** GAP ***
            DATA    0022H     004FH     UNIT         ?DT?MAIN2233
            IDATA   0071H     0001H     UNIT         ?STACK

            * * * * * * *  X D A T A   M E M O R Y  * * * * * * *
BL51 BANKED LINKER/LOCATER V6.22                                                      05/27/2019  15:40:45  PAGE 2


            XDATA   0000H     0054H     UNIT         ?XD?MAIN
            XDATA   0054H     002CH     UNIT         _XDATA_GROUP_
            XDATA   0080H     000CH     UNIT         ?XD?_STRSTR?STRSTR
            XDATA   008CH     0006H     UNIT         ?XD?_HB_SHOW_BIG_TEMP?HB
            XDATA   0092H     0006H     UNIT         ?XD?SHOW_DATE?HB
            XDATA   0098H     0006H     UNIT         ?XD?HB_SHOW_BIG_WEEK?HB
            XDATA   009EH     0004H     UNIT         ?XD?YUYIN
            XDATA   00A2H     0003H     UNIT         ?XD?_SEND_STR?MAIN2233
            XDATA   00A5H     0003H     UNIT         ?XD?_STRING_TO_UCHAR?MAIN2233
            XDATA   00A8H     0002H     UNIT         ?XD?GET_CLINET?MAIN2233
            XDATA   00AAH     0002H     UNIT         ?XD?MAIN2233

            * * * * * * *   C O D E   M E M O R Y   * * * * * * *
            CODE    0000H     0003H     ABSOLUTE     
            CODE    0003H     0020H     UNIT         ?PR?CLEAN_ALARM_ALL?HB
            CODE    0023H     0003H     ABSOLUTE     
            CODE    0026H     204DH     UNIT         ?CO?HB
            CODE    2073H     117AH     UNIT         ?PR?BROADCAST_MORNING?YUYIN
            CODE    31EDH     0C0BH     UNIT         ?PR?GET_CLINET?MAIN2233
            CODE    3DF8H     0802H     UNIT         ?PR?ADJUST_TIME?DS1302
            CODE    45FAH     07A7H     UNIT         ?PR?ALARM_FUNCTION?ALARM
            CODE    4DA1H     0461H     UNIT         ?PR?SHOW_FESTIVAL?HB
            CODE    5202H     042AH     UNIT         ?PR?CHECK_ALARM_TIME?YUYIN
            CODE    562CH     0397H     UNIT         ?PR?_SHOW_LUNAR?HB
            CODE    59C3H     0326H     UNIT         ?PR?_SHOW_CHOOSE_MUSIC?HB
            CODE    5CE9H     02D0H     UNIT         ?PR?SUN_TO_LUNAR?HB
            CODE    5FB9H     02C0H     UNIT         ?PR?MAIN?MAIN
            CODE    6279H     02AFH     UNIT         ?PR?SHOW_JIEQI?HB
            CODE    6528H     029DH     UNIT         ?C?LIB_CODE
            CODE    67C5H     0226H     UNIT         ?PR?_JUDGE_LEAP_MONTH?HB
            CODE    69EBH     0224H     UNIT         ?PR?CAL_FESTIVAL?HB
            CODE    6C0FH     0201H     UNIT         ?PR?_ALARM_WRITE_IIC?ALARM
            CODE    6E10H     01EAH     UNIT         ?PR?_BROADCAST_TEMP?YUYIN
            CODE    6FFAH     01BDH     UNIT         ?PR?SWITCH_SCREEN?SWITCH_SCREEN
            CODE    71B7H     0196H     UNIT         ?PR?SHOW_TIME_ONLY?HB
            CODE    734DH     0191H     UNIT         ?PR?HB_SHOW_BIG_SEC?HB
            CODE    74DEH     014FH     UNIT         ?PR?_BROADCAST?YUYIN
            CODE    762DH     0142H     UNIT         ?PR?_GET_MOON_DAY?HB
            CODE    776FH     0132H     UNIT         ?PR?ALARM_READ_IIC?ALARM
            CODE    78A1H     0131H     UNIT         ?PR?_SHOW_VOLUME?HB
            CODE    79D2H     012DH     UNIT         ?PR?SHOW_TIME_SCREEN?SWITCH_SCREEN
            CODE    7AFFH     012AH     UNIT         ?PR?CALCULATE_DAY?HB
            CODE    7C29H     010FH     UNIT         ?PR?ADD_SUB_DATE?DS1302
            CODE    7D38H     00FFH     UNIT         ?PR?CAL_JIEQI?HB
            CODE    7E37H     00F5H     UNIT         ?PR?WELCOME_INIT?HB
            CODE    7F2CH     00E3H     UNIT         ?PR?_HB_SHOW_TEMP?HB
            CODE    800FH     00DBH     UNIT         ?PR?_HB_SHOW_BIG_TEMP?HB
            CODE    80EAH     00DAH     UNIT         ?PR?_SHOW_ALARM_DAY?HB
            CODE    81C4H     00D2H     UNIT         ?PR?CHOOSE_MUSIC?YUYIN
            CODE    8296H     00D1H     UNIT         ?PR?HB_SHOW_TIME?HB
            CODE    8367H     00CAH     UNIT         ?PR?SHOW_LUNAR_FESTIVAL?HB
            CODE    8431H     00C9H     UNIT         ?PR?ADJUST_VOLUME?YUYIN
            CODE    84FAH     00C2H     UNIT         ?PR?CALCULATE_DAY_NUM?HB
            CODE    85BCH     00BFH     UNIT         ?PR?_STRSTR?STRSTR
            CODE    867BH     009FH     UNIT         ?PR?HB_SHOW_BIG_DATE_ONLY?HB
            CODE    871AH     009CH     UNIT         ?PR?ESP8266_SERVER?MAIN2233
            CODE    87B6H     008EH     UNIT         ?PR?_START_BLINK_WEEK?HB
BL51 BANKED LINKER/LOCATER V6.22                                                      05/27/2019  15:40:45  PAGE 3


            CODE    8844H     008DH     UNIT         ?C_INITSEG
            CODE    88D1H     008CH     UNIT         ?C_C51STARTUP
            CODE    895DH     0089H     UNIT         ?PR?_DISPLAY_BMP?HB
            CODE    89E6H     007FH     UNIT         ?PR?HB_SHOW_HOUR?HB
            CODE    8A65H     007DH     UNIT         ?PR?DRAW_FRAME?HB
            CODE    8AE2H     007DH     UNIT         ?PR?HB_SHOW_SEC?HB
            CODE    8B5FH     0079H     UNIT         ?PR?HB_SHOW_BIG_YEAR?HB
            CODE    8BD8H     0079H     UNIT         ?PR?HB_SHOW_BIG_MONTH?HB
            CODE    8C51H     0079H     UNIT         ?PR?HB_SHOW_BIG_DATE?HB
            CODE    8CCAH     0079H     UNIT         ?PR?HB_SHOW_BIG_HOUR?HB
            CODE    8D43H     0079H     UNIT         ?PR?HB_SHOW_BIG_MIN?HB
            CODE    8DBCH     006BH     UNIT         ?PR?_STOP_BLINK_WEEK?HB
            CODE    8E27H     0062H     UNIT         ?CO?MAIN2233
            CODE    8E89H     0060H     UNIT         ?PR?HB_SHOW_MIN?HB
            CODE    8EE9H     005EH     UNIT         ?PR?SET_TIME?DS1302
            CODE    8F47H     005EH     UNIT         ?PR?ADD_SUB_YEAR?DS1302
            CODE    8FA5H     005EH     UNIT         ?PR?CLEAN_ALL?HB
            CODE    9003H     005DH     UNIT         ?PR?_CLEAN_ALARM_DAY?HB
            CODE    9060H     005BH     UNIT         ?PR?ADD_SUB_MONTH?DS1302
            CODE    90BBH     005BH     UNIT         ?PR?HB_SHOW_BIG_TIME_ONLY?HB
            CODE    9116H     0057H     UNIT         ?PR?ADD_SUB_HOUR?DS1302
            CODE    916DH     0057H     UNIT         ?PR?ADD_SUB_MIN?DS1302
            CODE    91C4H     0055H     UNIT         ?PR?SHOW_DATE?HB
            CODE    9219H     0050H     UNIT         ?PR?_SENDDATA?YUYIN
            CODE    9269H     004FH     UNIT         ?PR?CONVER_JIEQI?HB
            CODE    92B8H     004EH     UNIT         ?PR?_READ_TEMPER?DS18B20
            CODE    9306H     004BH     UNIT         ?PR?_SING_WRITE_BYTE?DS18B20
            CODE    9351H     0045H     UNIT         ?PR?HB_SHOW_YEAR?HB
            CODE    9396H     003EH     UNIT         ?PR?CHECK_NOW_TIME?YUYIN
            CODE    93D4H     003CH     UNIT         ?PR?VOLUME_CONTROL?YUYIN
            CODE    9410H     003BH     UNIT         ?PR?_DISPLAY_STRCHAR?HB
            CODE    944BH     0039H     UNIT         ?PR?READ_TIME?DS1302
            CODE    9484H     0037H     UNIT         ?PR?MASTER_RESET?DS18B20
            CODE    94BBH     0035H     UNIT         ?PR?_SHOW_ALARM_ALL?HB
            CODE    94F0H     0033H     UNIT         ?PR?READ_BYTE?DS1302
            CODE    9523H     0031H     UNIT         ?PR?SING_READ_BYTE?DS18B20
            CODE    9554H     0031H     UNIT         ?PR?_DISPLAY_LIN?HB
            CODE    9585H     0031H     UNIT         ?PR?HB_SHOW_MONTH?HB
            CODE    95B6H     0031H     UNIT         ?PR?HB_SHOW_DATE?HB
            CODE    95E7H     0031H     UNIT         ?PR?_WELCOME_MUSIC?YUYIN
            CODE    9618H     0030H     UNIT         ?PR?ADD_SUB_HOUR_ALARM?DS1302
            CODE    9648H     0030H     UNIT         ?PR?ADD_SUB_MIN_ALARM?DS1302
            CODE    9678H     002EH     UNIT         ?PR?_INT_TO_STR?HB
            CODE    96A6H     002DH     UNIT         ?PR?_STRING_TO_UCHAR?MAIN2233
            CODE    96D3H     002DH     UNIT         ?PR?UARTINTERRUPT?MAIN2233
            CODE    9700H     002BH     UNIT         ?PR?_SEND_STR?MAIN2233
            CODE    972BH     0027H     UNIT         ?PR?_IIC_WRITE_BYTE?IIC
            CODE    9752H     0026H     UNIT         ?PR?WIFI_INIT?MAIN2233
            CODE    9778H     0025H     UNIT         ?PR?HB_INIT?HB
            CODE    979DH     0024H     UNIT         ?PR?IIC_READ_BYTE?IIC
            CODE    97C1H     0023H     UNIT         ?PR?_WRITE_DS1302?DS1302
            CODE    97E4H     0023H     UNIT         ?PR?ACK?IIC
            CODE    9807H     0023H     UNIT         ?PR?START_BLINK_BIG_HOUR?HB
            CODE    982AH     0023H     UNIT         ?PR?START_BLINK_BIG_MIN?HB
            CODE    984DH     0023H     UNIT         ?PR?STOP_BLINK_BIG_MIN?HB
            CODE    9870H     0023H     UNIT         ?PR?START_BLINK_ALARM?HB
            CODE    9893H     0023H     UNIT         ?PR?STOP_BLINK_ALARM?HB
BL51 BANKED LINKER/LOCATER V6.22                                                      05/27/2019  15:40:45  PAGE 4


            CODE    98B6H     0023H     UNIT         ?PR?_DELAYMS?MAIN2233
            CODE    98D9H     0022H     UNIT         ?PR?_SEND?HB
            CODE    98FBH     0022H     UNIT         ?PR?STOP_BLINK_BIG_HOUR?HB
            CODE    991DH     0022H     UNIT         ?PR?CLEAN_FESTIVEL?HB
            CODE    993FH     0021H     UNIT         ?PR?CLEAN_SET?HB
            CODE    9960H     0021H     UNIT         ?PR?SET_STOP_BLINK?HB
            CODE    9981H     0021H     UNIT         ?PR?SET_START_BLINK?HB
            CODE    99A2H     001FH     UNIT         ?PR?_READ_IIC?IIC
            CODE    99C1H     001FH     UNIT         ?PR?_HEX_TO_BCD?HB
            CODE    99E0H     001EH     UNIT         ?PR?_WRITE_BYTE?DS1302
            CODE    99FEH     001EH     UNIT         ?PR?START_BLINK_BIG_YEAR?HB
            CODE    9A1CH     001EH     UNIT         ?PR?START_BLINK_BIG_MONTH?HB
            CODE    9A3AH     001EH     UNIT         ?PR?START_BLINK_BIG_DATE?HB
            CODE    9A58H     001EH     UNIT         ?PR?START_BLINK_MIN?HB
            CODE    9A76H     001EH     UNIT         ?PR?MUSIC_SCREEN?YUYIN
            CODE    9A94H     001DH     UNIT         ?PR?_DELAY_1MS?HB
            CODE    9AB1H     001DH     UNIT         ?PR?STOP_BLINK_BIG_YEAR?HB
            CODE    9ACEH     001DH     UNIT         ?PR?STOP_BLINK_BIG_MONTH?HB
            CODE    9AEBH     001DH     UNIT         ?PR?STOP_BLINK_BIG_DATE?HB
            CODE    9B08H     001DH     UNIT         ?PR?CLEAN_BIG_SET?HB
            CODE    9B25H     001DH     UNIT         ?PR?START_BLINK_YEAR?HB
            CODE    9B42H     001DH     UNIT         ?PR?START_BLINK_MONTH?HB
            CODE    9B5FH     001DH     UNIT         ?PR?START_BLINK_DATE?HB
            CODE    9B7CH     001DH     UNIT         ?PR?STOP_BLINK_MIN?HB
            CODE    9B99H     001CH     UNIT         ?PR?STOP_BLINK_YEAR?HB
            CODE    9BB5H     001CH     UNIT         ?PR?STOP_BLINK_MONTH?HB
            CODE    9BD1H     001CH     UNIT         ?PR?STOP_BLINK_DATE?HB
            CODE    9BEDH     001BH     UNIT         ?PR?STOP_BLINK_HOUR?HB
            CODE    9C08H     0018H     UNIT         ?PR?SING_READ_BIT?DS18B20
            CODE    9C20H     0018H     UNIT         ?PR?START_BLINK_HOUR?HB
            CODE    9C38H     0016H     UNIT         ?PR?_DELAY_MS?DELAY
            CODE    9C4EH     0016H     UNIT         ?PR?HB_SHOW_BIG_WEEK?HB
            CODE    9C64H     0016H     UNIT         ?PR?HB_SHOW_WEEK?HB
            CODE    9C7AH     0016H     UNIT         ?PR?CLEAR_RXBUFF?MAIN2233
            CODE    9C90H     0015H     UNIT         ?PR?_WRITE_IIC?IIC
            CODE    9CA5H     0015H     UNIT         ?PR?SHOW_SET?HB
            CODE    9CBAH     0015H     UNIT         ?PR?SHOW_ALARM?HB
            CODE    9CCFH     0012H     UNIT         ?PR?TEMPER_CONVERT?DS18B20
            CODE    9CE1H     0011H     UNIT         ?PR?_CUR_POS2?HB
            CODE    9CF2H     0011H     UNIT         ?PR?INITUART?MAIN2233
            CODE    9D03H     0010H     UNIT         ?PR?_DELAY1US?YUYIN
            CODE    9D13H     000EH     UNIT         ?PR?DELAY?IIC
            CODE    9D21H     000DH     UNIT         ?PR?_READ_DS1302?DS1302
            CODE    9D2EH     000BH     UNIT         ?PR?_DELAY_US?DELAY
            CODE    9D39H     000AH     UNIT         ?PR?INIT_IIC?IIC
            CODE    9D43H     000AH     UNIT         ?PR?STOP?IIC
            CODE    9D4DH     0008H     UNIT         ?PR?START?IIC
            CODE    9D55H     0008H     UNIT         ?PR?NOACK?IIC
            CODE    9D5DH     0008H     UNIT         ?PR?_UART_SEND_BYTE?MAIN2233
            CODE    9D65H     0007H     UNIT         ?PR?DS1302_INIT?DS1302
            CODE    9D6CH     0004H     UNIT         ?PR?CLEAR_BUFFER?MAIN2233
            CODE    9D70H     0003H     UNIT         ?PR?_SCREEN_CON?HB



OVERLAY MAP OF MODULE:   .\output\DS18b20 (DELAY)

BL51 BANKED LINKER/LOCATER V6.22                                                      05/27/2019  15:40:45  PAGE 5



SEGMENT                                       BIT_GROUP          XDATA_GROUP
  +--> CALLED SEGMENT                      START    LENGTH     START    LENGTH
------------------------------------------------------------------------------
?C_C51STARTUP                              -----    -----      -----    -----
  +--> ?PR?MAIN?MAIN
  +--> ?C_INITSEG

?PR?MAIN?MAIN                              -----    -----      0054H    0002H
  +--> ?PR?DS1302_INIT?DS1302
  +--> ?PR?SET_TIME?DS1302
  +--> ?PR?INITUART?MAIN2233
  +--> ?PR?INIT_IIC?IIC
  +--> ?PR?TEMPER_CONVERT?DS18B20
  +--> ?PR?_DELAY_MS?DELAY
  +--> ?PR?_READ_IIC?IIC
  +--> ?PR?ALARM_READ_IIC?ALARM
  +--> ?PR?HB_INIT?HB
  +--> ?PR?DRAW_FRAME?HB
  +--> ?PR?SHOW_TIME_SCREEN?SWITCH_SCREEN
  +--> ?PR?_SCREEN_CON?HB
  +--> ?PR?_DELAY_1MS?HB
  +--> ?PR?CHECK_ALARM_TIME?YUYIN
  +--> ?PR?BROADCAST_MORNING?YUYIN
  +--> ?PR?CHECK_NOW_TIME?YUYIN
  +--> ?PR?_BROADCAST_TEMP?YUYIN
  +--> ?PR?SWITCH_SCREEN?SWITCH_SCREEN
  +--> ?PR?MUSIC_SCREEN?YUYIN
  +--> ?PR?ADJUST_TIME?DS1302
  +--> ?PR?VOLUME_CONTROL?YUYIN
  +--> ?PR?ALARM_FUNCTION?ALARM

?PR?SET_TIME?DS1302                        -----    -----      005EH    0006H
  +--> ?PR?_WRITE_DS1302?DS1302

?PR?_WRITE_DS1302?DS1302                   -----    -----      -----    -----
  +--> ?PR?_WRITE_BYTE?DS1302

?PR?INIT_IIC?IIC                           -----    -----      -----    -----
  +--> ?PR?DELAY?IIC

?PR?TEMPER_CONVERT?DS18B20                 -----    -----      -----    -----
  +--> ?PR?MASTER_RESET?DS18B20
  +--> ?PR?_SING_WRITE_BYTE?DS18B20

?PR?MASTER_RESET?DS18B20                   -----    -----      -----    -----
  +--> ?PR?_DELAY_US?DELAY

?PR?_SING_WRITE_BYTE?DS18B20               0020H.4  0000H.1    -----    -----

?PR?_READ_IIC?IIC                          -----    -----      -----    -----
  +--> ?PR?START?IIC
  +--> ?PR?ACK?IIC
  +--> ?PR?_IIC_WRITE_BYTE?IIC
  +--> ?PR?IIC_READ_BYTE?IIC
  +--> ?PR?NOACK?IIC
  +--> ?PR?STOP?IIC
BL51 BANKED LINKER/LOCATER V6.22                                                      05/27/2019  15:40:45  PAGE 6



?PR?START?IIC                              -----    -----      -----    -----
  +--> ?PR?DELAY?IIC

?PR?ACK?IIC                                -----    -----      -----    -----
  +--> ?PR?_IIC_WRITE_BYTE?IIC
  +--> ?PR?DELAY?IIC

?PR?_IIC_WRITE_BYTE?IIC                    -----    -----      -----    -----
  +--> ?PR?DELAY?IIC

?PR?IIC_READ_BYTE?IIC                      -----    -----      -----    -----
  +--> ?PR?DELAY?IIC

?PR?NOACK?IIC                              -----    -----      -----    -----
  +--> ?PR?DELAY?IIC

?PR?STOP?IIC                               -----    -----      -----    -----
  +--> ?PR?DELAY?IIC

?PR?ALARM_READ_IIC?ALARM                   -----    -----      -----    -----
  +--> ?PR?_READ_IIC?IIC
  +--> ?PR?_DELAY_MS?DELAY

?PR?HB_INIT?HB                             -----    -----      0056H    0001H
  +--> ?PR?_DELAY_1MS?HB
  +--> ?PR?_WELCOME_MUSIC?YUYIN
  +--> ?PR?CLEAN_ALL?HB
  +--> ?PR?DRAW_FRAME?HB

?PR?_DELAY_1MS?HB                          -----    -----      -----    -----
  +--> ?PR?_SCREEN_CON?HB

?PR?_SCREEN_CON?HB                         -----    -----      -----    -----
  +--> ?PR?_SEND?HB

?PR?_WELCOME_MUSIC?YUYIN                   -----    -----      -----    -----
  +--> ?PR?_SENDDATA?YUYIN
  +--> ?PR?WELCOME_INIT?HB

?PR?_SENDDATA?YUYIN                        -----    -----      -----    -----
  +--> ?PR?_DELAY1US?YUYIN

?PR?WELCOME_INIT?HB                        -----    -----      -----    -----
  +--> ?CO?HB
  +--> ?PR?_DISPLAY_BMP?HB
  +--> ?PR?_DELAY_MS?DELAY

?PR?_DISPLAY_BMP?HB                        -----    -----      0076H    000AH
  +--> ?CO?HB
  +--> ?PR?_SEND?HB

?PR?CLEAN_ALL?HB                           -----    -----      -----    -----
  +--> ?PR?_SEND?HB

?PR?DRAW_FRAME?HB                          -----    -----      -----    -----
  +--> ?PR?_DISPLAY_LIN?HB
BL51 BANKED LINKER/LOCATER V6.22                                                      05/27/2019  15:40:45  PAGE 7



?PR?_DISPLAY_LIN?HB                        -----    -----      0057H    0006H
  +--> ?PR?_SEND?HB

?PR?SHOW_TIME_SCREEN?SWITCH_SCREEN         -----    -----      -----    -----
  +--> ?PR?READ_TIME?DS1302
  +--> ?PR?HB_SHOW_TIME?HB
  +--> ?PR?_READ_TEMPER?DS18B20
  +--> ?PR?TEMPER_CONVERT?DS18B20
  +--> ?PR?_HB_SHOW_TEMP?HB
  +--> ?PR?CAL_FESTIVAL?HB
  +--> ?PR?CAL_JIEQI?HB
  +--> ?PR?_JUDGE_LEAP_MONTH?HB
  +--> ?PR?SUN_TO_LUNAR?HB
  +--> ?PR?HB_SHOW_BIG_TIME_ONLY?HB
  +--> ?PR?HB_SHOW_BIG_DATE_ONLY?HB
  +--> ?PR?_SHOW_LUNAR?HB
  +--> ?PR?_DELAY_MS?DELAY
  +--> ?PR?SHOW_LUNAR_FESTIVAL?HB
  +--> ?PR?SHOW_FESTIVAL?HB
  +--> ?PR?SHOW_JIEQI?HB

?PR?READ_TIME?DS1302                       -----    -----      0068H    0006H
  +--> ?PR?_READ_DS1302?DS1302

?PR?_READ_DS1302?DS1302                    -----    -----      -----    -----
  +--> ?PR?_WRITE_BYTE?DS1302
  +--> ?PR?READ_BYTE?DS1302

?PR?HB_SHOW_TIME?HB                        -----    -----      0068H    0006H
  +--> ?PR?HB_SHOW_YEAR?HB
  +--> ?CO?HB
  +--> ?PR?_DISPLAY_STRCHAR?HB
  +--> ?PR?HB_SHOW_MONTH?HB
  +--> ?PR?HB_SHOW_DATE?HB
  +--> ?PR?HB_SHOW_WEEK?HB
  +--> ?PR?HB_SHOW_HOUR?HB
  +--> ?PR?_DISPLAY_BMP?HB
  +--> ?PR?HB_SHOW_MIN?HB
  +--> ?PR?HB_SHOW_SEC?HB

?PR?HB_SHOW_YEAR?HB                        -----    -----      006EH    0009H
  +--> ?PR?_INT_TO_STR?HB
  +--> ?CO?HB
  +--> ?PR?_DISPLAY_STRCHAR?HB

?PR?_INT_TO_STR?HB                         -----    -----      0077H    0003H

?PR?_DISPLAY_STRCHAR?HB                    -----    -----      0077H    0006H
  +--> ?PR?_SEND?HB

?PR?HB_SHOW_MONTH?HB                       -----    -----      006EH    0009H
  +--> ?PR?_INT_TO_STR?HB
  +--> ?PR?_DISPLAY_STRCHAR?HB

?PR?HB_SHOW_DATE?HB                        -----    -----      006EH    0009H
  +--> ?PR?_INT_TO_STR?HB
BL51 BANKED LINKER/LOCATER V6.22                                                      05/27/2019  15:40:45  PAGE 8


  +--> ?PR?_DISPLAY_STRCHAR?HB

?PR?HB_SHOW_WEEK?HB                        -----    -----      006EH    0006H
  +--> ?PR?CALCULATE_DAY?HB
  +--> ?PR?_DISPLAY_STRCHAR?HB

?PR?CALCULATE_DAY?HB                       -----    -----      0074H    000AH
  +--> ?CO?HB

?PR?HB_SHOW_HOUR?HB                        -----    -----      006EH    0008H
  +--> ?CO?HB
  +--> ?PR?_DISPLAY_BMP?HB

?PR?HB_SHOW_MIN?HB                         -----    -----      006EH    0008H
  +--> ?PR?_DISPLAY_BMP?HB
  +--> ?CO?HB

?PR?HB_SHOW_SEC?HB                         -----    -----      006EH    0008H
  +--> ?CO?HB
  +--> ?PR?_DISPLAY_BMP?HB

?PR?_READ_TEMPER?DS18B20                   -----    -----      0068H    0004H
  +--> ?PR?MASTER_RESET?DS18B20
  +--> ?PR?_SING_WRITE_BYTE?DS18B20
  +--> ?PR?SING_READ_BYTE?DS18B20

?PR?SING_READ_BYTE?DS18B20                 -----    -----      006CH    0002H
  +--> ?PR?SING_READ_BIT?DS18B20

?PR?SING_READ_BIT?DS18B20                  0020H.4  0000H.1    -----    -----
  +--> ?PR?_DELAY_US?DELAY

?PR?_HB_SHOW_TEMP?HB                       -----    -----      0068H    0006H
  +--> ?CO?HB
  +--> ?PR?_DISPLAY_STRCHAR?HB
  +--> ?PR?_DELAY_1MS?HB
  +--> ?PR?_INT_TO_STR?HB

?PR?CAL_JIEQI?HB                           -----    -----      0068H    0006H
  +--> ?PR?CONVER_JIEQI?HB

?PR?CONVER_JIEQI?HB                        -----    -----      006EH    0006H
  +--> ?CO?HB

?PR?_JUDGE_LEAP_MONTH?HB                   -----    -----      0069H    0003H
  +--> ?PR?SUN_TO_LUNAR?HB

?PR?SUN_TO_LUNAR?HB                        0020H.4  0000H.3    006CH    000BH
  +--> ?PR?_HEX_TO_BCD?HB
  +--> ?CO?HB
  +--> ?PR?_GET_MOON_DAY?HB

?PR?_GET_MOON_DAY?HB                       -----    -----      -----    -----
  +--> ?CO?HB

?PR?HB_SHOW_BIG_TIME_ONLY?HB               -----    -----      0068H    0006H
  +--> ?PR?HB_SHOW_BIG_HOUR?HB
BL51 BANKED LINKER/LOCATER V6.22                                                      05/27/2019  15:40:45  PAGE 9


  +--> ?CO?HB
  +--> ?PR?_DISPLAY_BMP?HB
  +--> ?PR?HB_SHOW_BIG_MIN?HB
  +--> ?PR?HB_SHOW_BIG_SEC?HB

?PR?HB_SHOW_BIG_HOUR?HB                    -----    -----      006EH    0008H
  +--> ?CO?HB
  +--> ?PR?_DISPLAY_BMP?HB

?PR?HB_SHOW_BIG_MIN?HB                     -----    -----      006EH    0008H
  +--> ?CO?HB
  +--> ?PR?_DISPLAY_BMP?HB

?PR?HB_SHOW_BIG_SEC?HB                     -----    -----      006EH    0007H
  +--> ?PR?_SEND?HB

?PR?HB_SHOW_BIG_DATE_ONLY?HB               -----    -----      0068H    0006H
  +--> ?PR?HB_SHOW_BIG_YEAR?HB
  +--> ?PR?_DELAY_MS?DELAY
  +--> ?CO?HB
  +--> ?PR?_DISPLAY_BMP?HB
  +--> ?PR?HB_SHOW_BIG_MONTH?HB
  +--> ?PR?HB_SHOW_BIG_DATE?HB

?PR?HB_SHOW_BIG_YEAR?HB                    -----    -----      006EH    0008H
  +--> ?CO?HB
  +--> ?PR?_DISPLAY_BMP?HB

?PR?HB_SHOW_BIG_MONTH?HB                   -----    -----      006EH    0008H
  +--> ?CO?HB
  +--> ?PR?_DISPLAY_BMP?HB

?PR?HB_SHOW_BIG_DATE?HB                    -----    -----      006EH    0008H
  +--> ?CO?HB
  +--> ?PR?_DISPLAY_BMP?HB

?PR?_SHOW_LUNAR?HB                         -----    -----      0068H    0001H
  +--> ?PR?_JUDGE_LEAP_MONTH?HB
  +--> ?CO?HB
  +--> ?PR?_DISPLAY_STRCHAR?HB
  +--> ?PR?_DELAY_MS?DELAY
  +--> ?PR?SUN_TO_LUNAR?HB

?PR?SHOW_LUNAR_FESTIVAL?HB                 -----    -----      -----    -----
  +--> ?CO?HB
  +--> ?PR?_DISPLAY_STRCHAR?HB

?PR?SHOW_FESTIVAL?HB                       -----    -----      -----    -----
  +--> ?CO?HB
  +--> ?PR?_DISPLAY_STRCHAR?HB
  +--> ?PR?_DELAY_MS?DELAY

?PR?SHOW_JIEQI?HB                          -----    -----      0068H    0006H
  +--> ?PR?CONVER_JIEQI?HB
  +--> ?CO?HB
  +--> ?PR?_DISPLAY_STRCHAR?HB

BL51 BANKED LINKER/LOCATER V6.22                                                      05/27/2019  15:40:45  PAGE 10


?PR?CHECK_ALARM_TIME?YUYIN                 -----    -----      0056H    0012H
  +--> ?PR?_SENDDATA?YUYIN
  +--> ?PR?READ_TIME?DS1302
  +--> ?PR?SHOW_TIME_SCREEN?SWITCH_SCREEN
  +--> ?PR?_DELAY_MS?DELAY

?PR?BROADCAST_MORNING?YUYIN                -----    -----      0056H    0006H
  +--> ?PR?_SENDDATA?YUYIN
  +--> ?PR?READ_TIME?DS1302
  +--> ?PR?SHOW_TIME_SCREEN?SWITCH_SCREEN
  +--> ?PR?_BROADCAST?YUYIN
  +--> ?PR?CALCULATE_DAY_NUM?HB
  +--> ?PR?CHECK_NOW_TIME?YUYIN

?PR?_BROADCAST?YUYIN                       -----    -----      005CH    0002H
  +--> ?PR?_SENDDATA?YUYIN
  +--> ?PR?READ_TIME?DS1302
  +--> ?PR?SHOW_TIME_SCREEN?SWITCH_SCREEN

?PR?CALCULATE_DAY_NUM?HB                   -----    -----      005CH    000AH

?PR?CHECK_NOW_TIME?YUYIN                   -----    -----      005CH    0006H
  +--> ?PR?_SENDDATA?YUYIN
  +--> ?PR?READ_TIME?DS1302
  +--> ?PR?SHOW_TIME_SCREEN?SWITCH_SCREEN

?PR?_BROADCAST_TEMP?YUYIN                  -----    -----      0056H    0004H
  +--> ?PR?_SENDDATA?YUYIN
  +--> ?PR?READ_TIME?DS1302
  +--> ?PR?SHOW_TIME_SCREEN?SWITCH_SCREEN
  +--> ?PR?_BROADCAST?YUYIN

?PR?SWITCH_SCREEN?SWITCH_SCREEN            -----    -----      -----    -----
  +--> ?PR?_DELAY_MS?DELAY
  +--> ?PR?CLEAN_ALL?HB
  +--> ?PR?HB_SHOW_TIME?HB
  +--> ?PR?_READ_TEMPER?DS18B20
  +--> ?PR?TEMPER_CONVERT?DS18B20
  +--> ?PR?_HB_SHOW_TEMP?HB
  +--> ?PR?HB_SHOW_BIG_TIME_ONLY?HB
  +--> ?PR?HB_SHOW_BIG_DATE_ONLY?HB
  +--> ?PR?_SHOW_LUNAR?HB
  +--> ?PR?SHOW_LUNAR_FESTIVAL?HB
  +--> ?PR?SHOW_FESTIVAL?HB
  +--> ?PR?SHOW_JIEQI?HB
  +--> ?PR?_WRITE_IIC?IIC

?PR?_WRITE_IIC?IIC                         -----    -----      -----    -----
  +--> ?PR?START?IIC
  +--> ?PR?_IIC_WRITE_BYTE?IIC
  +--> ?PR?ACK?IIC
  +--> ?PR?STOP?IIC

?PR?MUSIC_SCREEN?YUYIN                     -----    -----      -----    -----
  +--> ?PR?_DELAY_MS?DELAY
  +--> ?PR?CHOOSE_MUSIC?YUYIN

BL51 BANKED LINKER/LOCATER V6.22                                                      05/27/2019  15:40:45  PAGE 11


?PR?CHOOSE_MUSIC?YUYIN                     -----    -----      -----    -----
  +--> ?PR?CLEAN_ALL?HB
  +--> ?PR?_SENDDATA?YUYIN
  +--> ?PR?_SHOW_CHOOSE_MUSIC?HB
  +--> ?PR?_DELAY_MS?DELAY
  +--> ?PR?_WRITE_IIC?IIC

?PR?_SHOW_CHOOSE_MUSIC?HB                  -----    -----      -----    -----
  +--> ?PR?_SEND?HB

?PR?ADJUST_TIME?DS1302                     -----    -----      0056H    0001H
  +--> ?PR?_DELAY_MS?DELAY
  +--> ?PR?SHOW_SET?HB
  +--> ?PR?SET_START_BLINK?HB
  +--> ?PR?STOP_BLINK_YEAR?HB
  +--> ?PR?STOP_BLINK_MONTH?HB
  +--> ?PR?STOP_BLINK_DATE?HB
  +--> ?PR?STOP_BLINK_HOUR?HB
  +--> ?PR?STOP_BLINK_MIN?HB
  +--> ?PR?SET_STOP_BLINK?HB
  +--> ?PR?CLEAN_SET?HB
  +--> ?PR?START_BLINK_YEAR?HB
  +--> ?PR?START_BLINK_MONTH?HB
  +--> ?PR?START_BLINK_DATE?HB
  +--> ?PR?START_BLINK_HOUR?HB
  +--> ?PR?START_BLINK_MIN?HB
  +--> ?PR?ADD_SUB_YEAR?DS1302
  +--> ?PR?READ_TIME?DS1302
  +--> ?PR?HB_SHOW_YEAR?HB
  +--> ?PR?ADD_SUB_MONTH?DS1302
  +--> ?PR?SET_TIME?DS1302
  +--> ?PR?HB_SHOW_MONTH?HB
  +--> ?PR?HB_SHOW_DATE?HB
  +--> ?PR?ADD_SUB_DATE?DS1302
  +--> ?PR?ADD_SUB_HOUR?DS1302
  +--> ?PR?HB_SHOW_HOUR?HB
  +--> ?PR?ADD_SUB_MIN?DS1302
  +--> ?PR?HB_SHOW_MIN?HB
  +--> ?PR?STOP_BLINK_BIG_MIN?HB
  +--> ?PR?START_BLINK_BIG_HOUR?HB
  +--> ?PR?STOP_BLINK_BIG_HOUR?HB
  +--> ?PR?START_BLINK_BIG_MIN?HB
  +--> ?PR?HB_SHOW_BIG_HOUR?HB
  +--> ?PR?HB_SHOW_BIG_MIN?HB
  +--> ?PR?STOP_BLINK_BIG_YEAR?HB
  +--> ?PR?STOP_BLINK_BIG_MONTH?HB
  +--> ?PR?STOP_BLINK_BIG_DATE?HB
  +--> ?PR?START_BLINK_BIG_YEAR?HB
  +--> ?PR?START_BLINK_BIG_MONTH?HB
  +--> ?PR?START_BLINK_BIG_DATE?HB
  +--> ?PR?HB_SHOW_BIG_YEAR?HB
  +--> ?PR?HB_SHOW_BIG_MONTH?HB
  +--> ?PR?HB_SHOW_BIG_DATE?HB
  +--> ?PR?_SHOW_LUNAR?HB
  +--> ?PR?SHOW_LUNAR_FESTIVAL?HB
  +--> ?PR?SHOW_FESTIVAL?HB
  +--> ?PR?SHOW_JIEQI?HB
BL51 BANKED LINKER/LOCATER V6.22                                                      05/27/2019  15:40:45  PAGE 12



?PR?SHOW_SET?HB                            -----    -----      -----    -----
  +--> ?CO?HB
  +--> ?PR?_DISPLAY_STRCHAR?HB

?PR?SET_START_BLINK?HB                     -----    -----      -----    -----
  +--> ?PR?_SEND?HB

?PR?STOP_BLINK_YEAR?HB                     -----    -----      -----    -----
  +--> ?PR?_SEND?HB

?PR?STOP_BLINK_MONTH?HB                    -----    -----      -----    -----
  +--> ?PR?_SEND?HB

?PR?STOP_BLINK_DATE?HB                     -----    -----      -----    -----
  +--> ?PR?_SEND?HB

?PR?STOP_BLINK_HOUR?HB                     -----    -----      -----    -----
  +--> ?PR?_SEND?HB

?PR?STOP_BLINK_MIN?HB                      -----    -----      -----    -----
  +--> ?PR?_SEND?HB

?PR?SET_STOP_BLINK?HB                      -----    -----      -----    -----
  +--> ?PR?_SEND?HB

?PR?CLEAN_SET?HB                           -----    -----      -----    -----
  +--> ?PR?_SEND?HB

?PR?START_BLINK_YEAR?HB                    -----    -----      -----    -----
  +--> ?PR?_SEND?HB

?PR?START_BLINK_MONTH?HB                   -----    -----      -----    -----
  +--> ?PR?_SEND?HB

?PR?START_BLINK_DATE?HB                    -----    -----      -----    -----
  +--> ?PR?_SEND?HB

?PR?START_BLINK_HOUR?HB                    -----    -----      -----    -----
  +--> ?PR?_SEND?HB

?PR?START_BLINK_MIN?HB                     -----    -----      -----    -----
  +--> ?PR?_SEND?HB

?PR?ADD_SUB_YEAR?DS1302                    -----    -----      0057H    0007H
  +--> ?PR?SET_TIME?DS1302

?PR?ADD_SUB_MONTH?DS1302                   -----    -----      0057H    0007H
  +--> ?PR?SET_TIME?DS1302

?PR?ADD_SUB_DATE?DS1302                    -----    -----      0057H    0007H
  +--> ?PR?SET_TIME?DS1302

?PR?ADD_SUB_HOUR?DS1302                    -----    -----      0057H    0007H
  +--> ?PR?SET_TIME?DS1302

?PR?ADD_SUB_MIN?DS1302                     -----    -----      0057H    0007H
BL51 BANKED LINKER/LOCATER V6.22                                                      05/27/2019  15:40:45  PAGE 13


  +--> ?PR?SET_TIME?DS1302

?PR?STOP_BLINK_BIG_MIN?HB                  -----    -----      -----    -----
  +--> ?PR?_SEND?HB

?PR?START_BLINK_BIG_HOUR?HB                -----    -----      -----    -----
  +--> ?PR?_SEND?HB

?PR?STOP_BLINK_BIG_HOUR?HB                 -----    -----      -----    -----
  +--> ?PR?_SEND?HB

?PR?START_BLINK_BIG_MIN?HB                 -----    -----      -----    -----
  +--> ?PR?_SEND?HB

?PR?STOP_BLINK_BIG_YEAR?HB                 -----    -----      -----    -----
  +--> ?PR?_SEND?HB

?PR?STOP_BLINK_BIG_MONTH?HB                -----    -----      -----    -----
  +--> ?PR?_SEND?HB

?PR?STOP_BLINK_BIG_DATE?HB                 -----    -----      -----    -----
  +--> ?PR?_SEND?HB

?PR?START_BLINK_BIG_YEAR?HB                -----    -----      -----    -----
  +--> ?PR?_SEND?HB

?PR?START_BLINK_BIG_MONTH?HB               -----    -----      -----    -----
  +--> ?PR?_SEND?HB

?PR?START_BLINK_BIG_DATE?HB                -----    -----      -----    -----
  +--> ?PR?_SEND?HB

?PR?VOLUME_CONTROL?YUYIN                   -----    -----      -----    -----
  +--> ?PR?_DELAY_MS?DELAY
  +--> ?PR?STOP_BLINK_ALARM?HB
  +--> ?PR?CLEAN_ALL?HB
  +--> ?PR?ADJUST_VOLUME?YUYIN

?PR?STOP_BLINK_ALARM?HB                    -----    -----      -----    -----
  +--> ?PR?_SEND?HB

?PR?ADJUST_VOLUME?YUYIN                    -----    -----      -----    -----
  +--> ?PR?_SENDDATA?YUYIN
  +--> ?PR?_SHOW_VOLUME?HB
  +--> ?PR?_DELAY_MS?DELAY
  +--> ?PR?CLEAN_ALL?HB
  +--> ?PR?_WRITE_IIC?IIC

?PR?_SHOW_VOLUME?HB                        -----    -----      -----    -----
  +--> ?CO?HB
  +--> ?PR?_DISPLAY_BMP?HB

?PR?ALARM_FUNCTION?ALARM                   -----    -----      -----    -----
  +--> ?PR?_DELAY_MS?DELAY
  +--> ?PR?_STOP_BLINK_WEEK?HB
  +--> ?PR?STOP_BLINK_ALARM?HB
  +--> ?PR?CLEAN_ALL?HB
BL51 BANKED LINKER/LOCATER V6.22                                                      05/27/2019  15:40:45  PAGE 14


  +--> ?PR?_SHOW_ALARM_ALL?HB
  +--> ?PR?SHOW_TIME_ONLY?HB
  +--> ?PR?SHOW_ALARM?HB
  +--> ?PR?START_BLINK_ALARM?HB
  +--> ?PR?STOP_BLINK_MIN?HB
  +--> ?PR?_SHOW_ALARM_DAY?HB
  +--> ?PR?_START_BLINK_WEEK?HB
  +--> ?PR?START_BLINK_HOUR?HB
  +--> ?PR?STOP_BLINK_HOUR?HB
  +--> ?PR?START_BLINK_MIN?HB
  +--> ?PR?_CLEAN_ALARM_DAY?HB
  +--> ?PR?ADD_SUB_HOUR_ALARM?DS1302
  +--> ?PR?HB_SHOW_HOUR?HB
  +--> ?PR?ADD_SUB_MIN_ALARM?DS1302
  +--> ?PR?HB_SHOW_MIN?HB
  +--> ?PR?_ALARM_WRITE_IIC?ALARM

?PR?_STOP_BLINK_WEEK?HB                    -----    -----      -----    -----
  +--> ?PR?_SEND?HB

?PR?_SHOW_ALARM_ALL?HB                     -----    -----      -----    -----
  +--> ?PR?CLEAN_ALARM_ALL?HB
  +--> ?PR?_SHOW_ALARM_DAY?HB

?PR?CLEAN_ALARM_ALL?HB                     -----    -----      -----    -----
  +--> ?PR?_SEND?HB

?PR?_SHOW_ALARM_DAY?HB                     -----    -----      -----    -----
  +--> ?PR?_CUR_POS2?HB
  +--> ?PR?_SEND?HB

?PR?_CUR_POS2?HB                           -----    -----      -----    -----
  +--> ?PR?_SEND?HB

?PR?SHOW_TIME_ONLY?HB                      -----    -----      0056H    0008H
  +--> ?CO?HB
  +--> ?PR?_DISPLAY_BMP?HB

?PR?SHOW_ALARM?HB                          -----    -----      -----    -----
  +--> ?CO?HB
  +--> ?PR?_DISPLAY_STRCHAR?HB

?PR?START_BLINK_ALARM?HB                   -----    -----      -----    -----
  +--> ?PR?_SEND?HB

?PR?_START_BLINK_WEEK?HB                   -----    -----      -----    -----
  +--> ?PR?_SEND?HB

?PR?_CLEAN_ALARM_DAY?HB                    -----    -----      -----    -----
  +--> ?PR?_SEND?HB

?PR?ADD_SUB_HOUR_ALARM?DS1302              -----    -----      0056H    0007H

?PR?ADD_SUB_MIN_ALARM?DS1302               -----    -----      0056H    0007H

?PR?_ALARM_WRITE_IIC?ALARM                 -----    -----      0056H    0006H
  +--> ?PR?_WRITE_IIC?IIC
BL51 BANKED LINKER/LOCATER V6.22                                                      05/27/2019  15:40:45  PAGE 15


  +--> ?PR?_DELAY_MS?DELAY



SYMBOL TABLE OF MODULE:  .\output\DS18b20 (DELAY)

  VALUE           TYPE          NAME
  ----------------------------------

  -------         MODULE        DELAY
  C:0000H         SYMBOL        _ICE_DUMMY_
  D:0090H         PUBLIC        P1
  D:00A0H         PUBLIC        P2
  D:00B0H         PUBLIC        P3
  C:9C38H         PUBLIC        _delay_ms
  C:9D2EH         PUBLIC        _delay_us
  -------         PROC          _DELAY_MS
  D:0006H         SYMBOL        timer
  -------         DO            
  D:0005H         SYMBOL        j
  -------         ENDDO         
  C:9C38H         LINE#         10
  C:9C38H         LINE#         11
  C:9C38H         LINE#         12
  C:9C38H         LINE#         13
  C:9C42H         LINE#         14
  C:9C42H         LINE#         15
  C:9C4AH         LINE#         16
  C:9C4AH         LINE#         18
  C:9C4DH         LINE#         19
  C:9C4DH         LINE#         20
  -------         ENDPROC       _DELAY_MS
  -------         PROC          _DELAY_US
  D:0007H         SYMBOL        timer
  C:9D2EH         LINE#         26
  C:9D2EH         LINE#         27
  C:9D2EH         LINE#         28
  C:9D34H         LINE#         29
  C:9D34H         LINE#         30
  C:9D35H         LINE#         31
  C:9D38H         LINE#         32
  -------         ENDPROC       _DELAY_US
  -------         ENDMOD        DELAY

  -------         MODULE        MAIN
  C:0000H         SYMBOL        _ICE_DUMMY_
  X:0000H         PUBLIC        broadcast_now_time_flag
  X:0001H         PUBLIC        cur_pos
  D:0090H         PUBLIC        P1
  D:00A0H         PUBLIC        P2
  D:00B0H         PUBLIC        P3
  B:00A8H.7       PUBLIC        EA
  X:0002H         PUBLIC        broadcast_morning_flag_flag
  X:0003H         PUBLIC        pbuff
  X:0005H         PUBLIC        broadcast_morning_flag
  X:0006H         PUBLIC        festival_num
  X:0007H         PUBLIC        sleep_flag
BL51 BANKED LINKER/LOCATER V6.22                                                      05/27/2019  15:40:45  PAGE 16


  X:0008H         PUBLIC        night_light
  B:0020H.0       PUBLIC        light
  X:0009H         PUBLIC        volume
  C:5FB9H         PUBLIC        main
  X:000AH         PUBLIC        wifi_light_flag
  B:0020H.1       PUBLIC        leap_month_flag
  X:000BH         PUBLIC        down_temper
  X:000CH         PUBLIC        wifi_light
  X:000DH         PUBLIC        alarm_show_flag
  X:001BH         PUBLIC        broadcast_now_time_flag_tmp
  B:0020H.2       PUBLIC        screen_num_flag
  X:001CH         PUBLIC        screen_num
  B:0020H.3       PUBLIC        start_music
  B:00A0H.4       PUBLIC        HUMAN_SENSOR
  X:001DH         PUBLIC        alarm_set
  X:001EH         PUBLIC        alarm_pos
  X:001FH         PUBLIC        broadcast_morning_flag_tmp
  X:0020H         PUBLIC        music_num
  X:0021H         PUBLIC        up_temper
  X:0022H         PUBLIC        str_time_alarm_flag
  X:002EH         PUBLIC        str_time_alarm
  X:003AH         PUBLIC        wifi_light_tmp
  X:003BH         PUBLIC        str_time_sleep
  X:0047H         PUBLIC        str_time
  B:00B0H.6       PUBLIC        ALARM
  X:004DH         PUBLIC        str_time_lunar
  X:0053H         PUBLIC        broadcast_now_time_flag_flag
  -------         PROC          MAIN
  -------         DO            
  X:0054H         SYMBOL        check_sensor
  X:0055H         SYMBOL        check_sensor2
  -------         ENDDO         
  C:5FB9H         LINE#         59
  C:5FB9H         LINE#         60
  C:5FB9H         LINE#         61
  C:5FBEH         LINE#         62
  C:5FC1H         LINE#         63
  C:5FC4H         LINE#         64
  C:5FDAH         LINE#         65
  C:5FDDH         LINE#         66
  C:5FE0H         LINE#         67
  C:5FE2H         LINE#         68
  C:5FE5H         LINE#         69
  C:5FECH         LINE#         72
  C:5FF6H         LINE#         73
  C:6000H         LINE#         74
  C:600AH         LINE#         75
  C:600DH         LINE#         76
  C:6017H         LINE#         77
  C:6021H         LINE#         78
  C:602BH         LINE#         79
  C:6035H         LINE#         80
  C:603FH         LINE#         81
  C:6049H         LINE#         82
  C:6053H         LINE#         83
  C:605DH         LINE#         84
  C:6067H         LINE#         85
BL51 BANKED LINKER/LOCATER V6.22                                                      05/27/2019  15:40:45  PAGE 17


  C:6071H         LINE#         86
  C:607BH         LINE#         87
  C:6085H         LINE#         88
  C:608FH         LINE#         89
  C:6099H         LINE#         90
  C:609CH         LINE#         93
  C:609CH         LINE#         94
  C:609CH         LINE#         95
  C:60A1H         LINE#         96
  C:60A4H         LINE#         98
  C:60A7H         LINE#         101
  C:60AFH         LINE#         102
  C:60AFH         LINE#         103
  C:60B2H         LINE#         104
  C:60B2H         LINE#         105
  C:60BCH         LINE#         106
  C:60BCH         LINE#         107
  C:60BEH         LINE#         108
  C:60C3H         LINE#         109
  C:60C5H         LINE#         110
  C:60CCH         LINE#         111
  C:60CCH         LINE#         112
  C:60D5H         LINE#         113
  C:60D5H         LINE#         114
  C:60D5H         LINE#         115
  C:60D5H         LINE#         116
  C:60D5H         LINE#         117
  C:60D5H         LINE#         118
  C:60D7H         LINE#         120
  C:60D7H         LINE#         121
  C:60E1H         LINE#         122
  C:60E1H         LINE#         123
  C:60E6H         LINE#         124
  C:60EBH         LINE#         125
  C:60EDH         LINE#         126
  C:60F4H         LINE#         127
  C:60F4H         LINE#         128
  C:60FDH         LINE#         129
  C:60FDH         LINE#         130
  C:6102H         LINE#         131
  C:6102H         LINE#         132
  C:6102H         LINE#         133
  C:6102H         LINE#         135
  C:6102H         LINE#         136
  C:6104H         LINE#         137
  C:610BH         LINE#         138
  C:610BH         LINE#         139
  C:610EH         LINE#         140
  C:610EH         LINE#         141
  C:6113H         LINE#         142
  C:6115H         LINE#         143
  C:611CH         LINE#         144
  C:611CH         LINE#         145
  C:6123H         LINE#         146
  C:6128H         LINE#         147
  C:6128H         LINE#         148
  C:6128H         LINE#         150
BL51 BANKED LINKER/LOCATER V6.22                                                      05/27/2019  15:40:45  PAGE 18


  C:612AH         LINE#         151
  C:6130H         LINE#         152
  C:6130H         LINE#         153
  C:6133H         LINE#         154
  C:6133H         LINE#         155
  C:6138H         LINE#         156
  C:613AH         LINE#         157
  C:613AH         LINE#         158
  C:613AH         LINE#         160
  C:6166H         LINE#         162
  C:6170H         LINE#         163
  C:6170H         LINE#         164
  C:617FH         LINE#         165
  C:617FH         LINE#         166
  C:6195H         LINE#         167
  C:6195H         LINE#         168
  C:6197H         LINE#         169
  C:619EH         LINE#         170
  C:619EH         LINE#         171
  C:61B4H         LINE#         172
  C:61BDH         LINE#         173
  C:61BDH         LINE#         174
  C:61BDH         LINE#         176
  C:61C0H         LINE#         178
  C:61C3H         LINE#         180
  C:61C6H         LINE#         182
  C:61C9H         LINE#         187
  C:61CCH         LINE#         191
  C:61D7H         LINE#         192
  C:61D7H         LINE#         193
  C:6215H         LINE#         200
  C:6215H         LINE#         201
  C:621AH         LINE#         202
  C:621EH         LINE#         203
  C:6222H         LINE#         204
  C:6228H         LINE#         205
  C:6228H         LINE#         206
  C:622FH         LINE#         207
  C:6235H         LINE#         208
  C:6235H         LINE#         209
  C:623BH         LINE#         210
  C:6240H         LINE#         211
  C:6240H         LINE#         212
  C:6240H         LINE#         213
  C:6243H         LINE#         215
  C:6243H         LINE#         216
  C:624BH         LINE#         217
  C:6253H         LINE#         218
  C:625BH         LINE#         219
  C:625BH         LINE#         220
  C:625EH         LINE#         222
  C:625EH         LINE#         223
  C:6266H         LINE#         224
  C:626EH         LINE#         225
  C:6276H         LINE#         226
  C:6276H         LINE#         252
  -------         ENDPROC       MAIN
BL51 BANKED LINKER/LOCATER V6.22                                                      05/27/2019  15:40:45  PAGE 19


  -------         ENDMOD        MAIN

  -------         MODULE        DS1302
  C:0000H         SYMBOL        _ICE_DUMMY_
  D:0090H         PUBLIC        P1
  D:00A0H         PUBLIC        P2
  D:00B0H         PUBLIC        P3
  B:0090H.2       PUBLIC        DS_IO
  C:9D21H         PUBLIC        _read_ds1302
  C:3DF8H         PUBLIC        adjust_time
  B:0090H.1       PUBLIC        DS_SCLK
  C:97C4H         PUBLIC        _write_ds1302
  C:944BH         PUBLIC        read_time
  C:94F0H         PUBLIC        read_byte
  C:9D65H         PUBLIC        ds1302_init
  C:99E6H         PUBLIC        _write_byte
  B:0090H.6       PUBLIC        ADD
  B:0090H.5       PUBLIC        SWITCH
  C:7C42H         PUBLIC        add_sub_date
  C:8F0DH         PUBLIC        set_time
  C:9079H         PUBLIC        add_sub_month
  C:9618H         PUBLIC        add_sub_hour_alarm
  C:8F60H         PUBLIC        add_sub_year
  B:0090H.7       PUBLIC        SUB
  C:9648H         PUBLIC        add_sub_min_alarm
  B:00B0H.6       PUBLIC        ALARM
  B:0090H.0       PUBLIC        DS_RST
  C:912FH         PUBLIC        add_sub_hour
  C:9186H         PUBLIC        add_sub_min
  -------         PROC          DS1302_INIT
  C:9D65H         LINE#         23
  C:9D65H         LINE#         24
  C:9D65H         LINE#         25
  C:9D67H         LINE#         26
  C:9D69H         LINE#         27
  C:9D6BH         LINE#         28
  -------         ENDPROC       DS1302_INIT
  -------         PROC          L?0195
  -------         ENDPROC       L?0195
  -------         PROC          _WRITE_BYTE
  D:0007H         SYMBOL        dat
  -------         DO            
  D:0006H         SYMBOL        i
  -------         ENDDO         
  C:99E6H         LINE#         34
  C:99E6H         LINE#         35
  C:99E6H         LINE#         36
  C:99E8H         LINE#         38
  C:99E8H         LINE#         39
  C:99E8H         LINE#         40
  C:99EAH         LINE#         41
  C:99EEH         LINE#         42
  C:99F0H         LINE#         43
  C:99F2H         LINE#         44
  C:99F4H         LINE#         45
  C:99F8H         LINE#         46
  C:99FDH         LINE#         47
BL51 BANKED LINKER/LOCATER V6.22                                                      05/27/2019  15:40:45  PAGE 20


  -------         ENDPROC       _WRITE_BYTE
  -------         PROC          READ_BYTE
  -------         DO            
  D:0007H         SYMBOL        i
  D:0006H         SYMBOL        dat
  D:0005H         SYMBOL        tmp
  -------         ENDDO         
  C:94F0H         LINE#         54
  C:94F0H         LINE#         55
  C:94F0H         LINE#         56
  C:94F2H         LINE#         57
  C:94F3H         LINE#         58
  C:94F3H         LINE#         61
  C:94F3H         LINE#         62
  C:94F3H         LINE#         63
  C:94F5H         LINE#         64
  C:94F7H         LINE#         65
  C:94F9H         LINE#         66
  C:94FBH         LINE#         67
  C:9500H         LINE#         68
  C:9504H         LINE#         69
  C:950DH         LINE#         70
  C:9512H         LINE#         72
  C:9521H         LINE#         73
  C:9522H         LINE#         74
  -------         ENDPROC       READ_BYTE
  -------         PROC          _READ_DS1302
  D:0007H         SYMBOL        addr
  -------         DO            
  D:0007H         SYMBOL        tmp
  -------         ENDDO         
  C:9D21H         LINE#         81
  C:9D21H         LINE#         82
  C:9D21H         LINE#         85
  C:9D21H         LINE#         86
  C:9D21H         LINE#         87
  C:9D21H         LINE#         88
  C:9D24H         LINE#         89
  C:9D27H         LINE#         90
  C:9D29H         LINE#         91
  C:9D2BH         LINE#         92
  C:9D2DH         LINE#         94
  C:9D2DH         LINE#         95
  -------         ENDPROC       _READ_DS1302
  -------         PROC          L?0194
  -------         ENDPROC       L?0194
  -------         PROC          _WRITE_DS1302
  D:0007H         SYMBOL        addr
  D:0005H         SYMBOL        dat
  -------         DO            
  D:0004H         SYMBOL        tmp
  -------         ENDDO         
  C:97C4H         LINE#         102
  C:97C4H         LINE#         103
  C:97C4H         LINE#         104
  C:97C5H         LINE#         105
  C:97D7H         LINE#         107
BL51 BANKED LINKER/LOCATER V6.22                                                      05/27/2019  15:40:45  PAGE 21


  C:97D7H         LINE#         108
  C:97D7H         LINE#         109
  C:97D7H         LINE#         110
  C:97DAH         LINE#         111
  C:97DFH         LINE#         112
  C:97E1H         LINE#         113
  C:97E3H         LINE#         114
  -------         ENDPROC       _WRITE_DS1302
  -------         PROC          READ_TIME
  -------         DO            
  X:0068H         SYMBOL        str_time
  -------         ENDDO         
  C:944BH         LINE#         121
  C:944BH         LINE#         122
  C:944BH         LINE#         124
  C:9455H         LINE#         125
  C:945DH         LINE#         126
  C:9465H         LINE#         127
  C:946DH         LINE#         128
  C:9475H         LINE#         129
  C:947DH         LINE#         130
  C:9483H         LINE#         131
  -------         ENDPROC       READ_TIME
  C:8EE9H         SYMBOL        L?0188
  -------         PROC          L?0187
  -------         ENDPROC       L?0187
  C:8EE9H         SYMBOL        L?0188
  -------         PROC          SET_TIME
  X:005EH         SYMBOL        str_time
  C:8F0DH         LINE#         137
  C:8F0DH         LINE#         138
  C:8F0DH         LINE#         139
  C:8F14H         LINE#         140
  C:8F1EH         LINE#         141
  C:8F23H         LINE#         142
  C:8F28H         LINE#         143
  C:8F30H         LINE#         144
  C:8F38H         LINE#         145
  C:8F40H         LINE#         146
  -------         ENDPROC       SET_TIME
  -------         PROC          L?0189
  -------         ENDPROC       L?0189
  -------         PROC          ADD_SUB_YEAR
  X:0057H         SYMBOL        str_time
  X:005DH         SYMBOL        i
  C:8F60H         LINE#         150
  C:8F60H         LINE#         151
  C:8F60H         LINE#         152
  C:8F67H         LINE#         153
  C:8F67H         LINE#         154
  C:8F6EH         LINE#         155
  C:8F72H         LINE#         157
  C:8F78H         LINE#         158
  C:8F7AH         LINE#         160
  C:8F7AH         LINE#         161
  C:8F80H         LINE#         162
  C:8F85H         LINE#         164
BL51 BANKED LINKER/LOCATER V6.22                                                      05/27/2019  15:40:45  PAGE 22


  C:8F8BH         LINE#         165
  C:8F8BH         LINE#         166
  C:8F90H         LINE#         167
  -------         ENDPROC       ADD_SUB_YEAR
  -------         PROC          L?0190
  -------         ENDPROC       L?0190
  -------         PROC          ADD_SUB_MONTH
  X:0057H         SYMBOL        str_time
  X:005DH         SYMBOL        i
  C:9079H         LINE#         169
  C:9079H         LINE#         170
  C:9079H         LINE#         171
  C:9080H         LINE#         172
  C:9080H         LINE#         173
  C:9087H         LINE#         174
  C:9089H         LINE#         175
  C:908FH         LINE#         176
  C:9091H         LINE#         178
  C:9091H         LINE#         179
  C:9098H         LINE#         180
  C:909BH         LINE#         181
  C:90A1H         LINE#         182
  C:90A1H         LINE#         183
  C:90A6H         LINE#         184
  -------         ENDPROC       ADD_SUB_MONTH
  -------         PROC          L?0191
  -------         ENDPROC       L?0191
  -------         PROC          ADD_SUB_DATE
  X:0057H         SYMBOL        str_time
  X:005DH         SYMBOL        i
  C:7C42H         LINE#         186
  C:7C42H         LINE#         187
  C:7C42H         LINE#         188
  C:7C4AH         LINE#         189
  C:7C4AH         LINE#         190
  C:7C79H         LINE#         191
  C:7C79H         LINE#         192
  C:7C79H         LINE#         193
  C:7C79H         LINE#         194
  C:7C79H         LINE#         195
  C:7C79H         LINE#         196
  C:7C79H         LINE#         197
  C:7C79H         LINE#         198
  C:7C79H         LINE#         199
  C:7C80H         LINE#         200
  C:7C80H         LINE#         201
  C:7C82H         LINE#         202
  C:7C82H         LINE#         203
  C:7C82H         LINE#         204
  C:7C84H         LINE#         205
  C:7C84H         LINE#         206
  C:7C84H         LINE#         207
  C:7C84H         LINE#         208
  C:7C84H         LINE#         209
  C:7C8BH         LINE#         210
  C:7C8BH         LINE#         211
  C:7C8DH         LINE#         212
BL51 BANKED LINKER/LOCATER V6.22                                                      05/27/2019  15:40:45  PAGE 23


  C:7C8DH         LINE#         213
  C:7C8DH         LINE#         214
  C:7C8FH         LINE#         215
  C:7C8FH         LINE#         216
  C:7C97H         LINE#         217
  C:7C97H         LINE#         218
  C:7C9EH         LINE#         219
  C:7C9EH         LINE#         220
  C:7CA0H         LINE#         221
  C:7CA0H         LINE#         222
  C:7CA0H         LINE#         223
  C:7CA2H         LINE#         224
  C:7CA2H         LINE#         226
  C:7CA2H         LINE#         227
  C:7CA9H         LINE#         228
  C:7CA9H         LINE#         229
  C:7CABH         LINE#         230
  C:7CABH         LINE#         231
  C:7CB1H         LINE#         232
  C:7CB3H         LINE#         233
  C:7CB3H         LINE#         234
  C:7CB3H         LINE#         235
  C:7CB3H         LINE#         237
  C:7CB3H         LINE#         238
  C:7CE2H         LINE#         239
  C:7CE2H         LINE#         240
  C:7CE2H         LINE#         241
  C:7CE2H         LINE#         242
  C:7CE2H         LINE#         243
  C:7CE2H         LINE#         244
  C:7CE2H         LINE#         245
  C:7CE2H         LINE#         246
  C:7CE2H         LINE#         247
  C:7CE9H         LINE#         248
  C:7CE9H         LINE#         249
  C:7CECH         LINE#         250
  C:7CECH         LINE#         251
  C:7CECH         LINE#         252
  C:7CEEH         LINE#         253
  C:7CEEH         LINE#         254
  C:7CEEH         LINE#         255
  C:7CEEH         LINE#         256
  C:7CEEH         LINE#         257
  C:7CF5H         LINE#         258
  C:7CF5H         LINE#         259
  C:7CF8H         LINE#         260
  C:7CF8H         LINE#         261
  C:7CF8H         LINE#         262
  C:7CFAH         LINE#         263
  C:7CFAH         LINE#         264
  C:7D02H         LINE#         265
  C:7D02H         LINE#         266
  C:7D09H         LINE#         267
  C:7D09H         LINE#         268
  C:7D0CH         LINE#         269
  C:7D0CH         LINE#         270
  C:7D0CH         LINE#         271
BL51 BANKED LINKER/LOCATER V6.22                                                      05/27/2019  15:40:45  PAGE 24


  C:7D0EH         LINE#         272
  C:7D0EH         LINE#         274
  C:7D0EH         LINE#         275
  C:7D15H         LINE#         276
  C:7D15H         LINE#         277
  C:7D18H         LINE#         278
  C:7D18H         LINE#         279
  C:7D1EH         LINE#         280
  C:7D1EH         LINE#         281
  C:7D1EH         LINE#         282
  C:7D1EH         LINE#         283
  C:7D1EH         LINE#         284
  C:7D23H         LINE#         285
  -------         ENDPROC       ADD_SUB_DATE
  -------         PROC          L?0192
  -------         ENDPROC       L?0192
  -------         PROC          ADD_SUB_HOUR
  X:0057H         SYMBOL        str_time
  X:005DH         SYMBOL        i
  C:912FH         LINE#         288
  C:912FH         LINE#         289
  C:912FH         LINE#         290
  C:9136H         LINE#         291
  C:9136H         LINE#         292
  C:913CH         LINE#         293
  C:9140H         LINE#         294
  C:9140H         LINE#         295
  C:9142H         LINE#         296
  C:9142H         LINE#         298
  C:9144H         LINE#         300
  C:9144H         LINE#         301
  C:914AH         LINE#         302
  C:914AH         LINE#         303
  C:914DH         LINE#         304
  C:914DH         LINE#         305
  C:9153H         LINE#         306
  C:9153H         LINE#         307
  C:9158H         LINE#         308
  -------         ENDPROC       ADD_SUB_HOUR
  -------         PROC          L?0193
  -------         ENDPROC       L?0193
  -------         PROC          ADD_SUB_MIN
  X:0057H         SYMBOL        str_time
  X:005DH         SYMBOL        i
  C:9186H         LINE#         310
  C:9186H         LINE#         311
  C:9186H         LINE#         312
  C:918DH         LINE#         313
  C:918DH         LINE#         314
  C:9193H         LINE#         315
  C:9197H         LINE#         316
  C:9197H         LINE#         317
  C:9199H         LINE#         318
  C:9199H         LINE#         319
  C:919BH         LINE#         321
  C:919BH         LINE#         322
  C:91A1H         LINE#         323
BL51 BANKED LINKER/LOCATER V6.22                                                      05/27/2019  15:40:45  PAGE 25


  C:91A1H         LINE#         324
  C:91A4H         LINE#         325
  C:91A4H         LINE#         326
  C:91AAH         LINE#         327
  C:91AAH         LINE#         328
  C:91AFH         LINE#         329
  -------         ENDPROC       ADD_SUB_MIN
  -------         PROC          ADD_SUB_HOUR_ALARM
  X:0056H         SYMBOL        str_time
  X:005CH         SYMBOL        i
  C:9618H         LINE#         338
  C:9618H         LINE#         339
  C:9618H         LINE#         340
  C:961FH         LINE#         341
  C:961FH         LINE#         342
  C:9625H         LINE#         343
  C:9629H         LINE#         344
  C:9629H         LINE#         345
  C:962BH         LINE#         346
  C:962BH         LINE#         348
  C:962DH         LINE#         350
  C:962DH         LINE#         351
  C:9633H         LINE#         352
  C:9633H         LINE#         353
  C:9636H         LINE#         354
  C:9636H         LINE#         355
  C:963CH         LINE#         356
  C:963CH         LINE#         357
  C:9641H         LINE#         358
  C:9647H         LINE#         359
  -------         ENDPROC       ADD_SUB_HOUR_ALARM
  -------         PROC          ADD_SUB_MIN_ALARM
  X:0056H         SYMBOL        str_time
  X:005CH         SYMBOL        i
  C:9648H         LINE#         360
  C:9648H         LINE#         361
  C:9648H         LINE#         362
  C:964FH         LINE#         363
  C:964FH         LINE#         364
  C:9655H         LINE#         365
  C:9659H         LINE#         366
  C:9659H         LINE#         367
  C:965BH         LINE#         368
  C:965BH         LINE#         369
  C:965DH         LINE#         371
  C:965DH         LINE#         372
  C:9663H         LINE#         373
  C:9663H         LINE#         374
  C:9666H         LINE#         375
  C:9666H         LINE#         376
  C:966CH         LINE#         377
  C:966CH         LINE#         378
  C:9671H         LINE#         379
  C:9677H         LINE#         380
  -------         ENDPROC       ADD_SUB_MIN_ALARM
  -------         PROC          ADJUST_TIME
  -------         DO            
BL51 BANKED LINKER/LOCATER V6.22                                                      05/27/2019  15:40:45  PAGE 26


  X:0056H         SYMBOL        set_blink_flag
  -------         ENDDO         
  C:3DF8H         LINE#         382
  C:3DF8H         LINE#         383
  C:3DF8H         LINE#         384
  C:3DFDH         LINE#         385
  C:3E03H         LINE#         386
  C:3E03H         LINE#         387
  C:3E0AH         LINE#         388
  C:3E10H         LINE#         389
  C:3E10H         LINE#         390
  C:3E10H         LINE#         391
  C:3E10H         LINE#         392
  C:3E10H         LINE#         393
  C:3E10H         LINE#         394
  C:3E27H         LINE#         395
  C:3E27H         LINE#         396
  C:3E27H         LINE#         397
  C:3E33H         LINE#         398
  C:3E33H         LINE#         399
  C:3E36H         LINE#         400
  C:3E39H         LINE#         401
  C:3E3FH         LINE#         402
  C:3E3FH         LINE#         403
  C:3E42H         LINE#         404
  C:3E42H         LINE#         405
  C:3E49H         LINE#         406
  C:3E4CH         LINE#         407
  C:3E4CH         LINE#         408
  C:3E61H         LINE#         409
  C:3E61H         LINE#         410
  C:3E61H         LINE#         411
  C:3E64H         LINE#         412
  C:3E66H         LINE#         413
  C:3E66H         LINE#         414
  C:3E69H         LINE#         415
  C:3E6BH         LINE#         416
  C:3E6BH         LINE#         417
  C:3E6EH         LINE#         418
  C:3E70H         LINE#         419
  C:3E70H         LINE#         420
  C:3E73H         LINE#         421
  C:3E75H         LINE#         422
  C:3E75H         LINE#         423
  C:3E78H         LINE#         424
  C:3E78H         LINE#         425
  C:3E78H         LINE#         426
  C:3E7DH         LINE#         427
  C:3E81H         LINE#         428
  C:3E81H         LINE#         429
  C:3E81H         LINE#         430
  C:3E83H         LINE#         431
  C:3E83H         LINE#         432
  C:3E83H         LINE#         433
  C:3E86H         LINE#         434
  C:3E86H         LINE#         435
  C:3E8DH         LINE#         436
BL51 BANKED LINKER/LOCATER V6.22                                                      05/27/2019  15:40:45  PAGE 27


  C:3E90H         LINE#         437
  C:3E90H         LINE#         438
  C:3E96H         LINE#         439
  C:3E9AH         LINE#         440
  C:3E9AH         LINE#         441
  C:3E9CH         LINE#         442
  C:3EA0H         LINE#         443
  C:3EA3H         LINE#         444
  C:3EA6H         LINE#         445
  C:3EA9H         LINE#         446
  C:3EACH         LINE#         447
  C:3EACH         LINE#         448
  C:3EC1H         LINE#         449
  C:3EC1H         LINE#         450
  C:3EC1H         LINE#         451
  C:3EC4H         LINE#         452
  C:3EC7H         LINE#         453
  C:3EC9H         LINE#         454
  C:3EC9H         LINE#         455
  C:3ECCH         LINE#         456
  C:3ECFH         LINE#         457
  C:3ED1H         LINE#         458
  C:3ED1H         LINE#         459
  C:3ED4H         LINE#         460
  C:3ED7H         LINE#         461
  C:3ED9H         LINE#         462
  C:3ED9H         LINE#         463
  C:3EDCH         LINE#         464
  C:3EDFH         LINE#         465
  C:3EE1H         LINE#         466
  C:3EE1H         LINE#         467
  C:3EE4H         LINE#         468
  C:3EE7H         LINE#         469
  C:3EE7H         LINE#         470
  C:3EE7H         LINE#         471
  C:3EE7H         LINE#         472
  C:3EE7H         LINE#         473
  C:3EEDH         LINE#         474
  C:3EEDH         LINE#         475
  C:3EF4H         LINE#         476
  C:3EFAH         LINE#         477
  C:3EFAH         LINE#         478
  C:3F1BH         LINE#         479
  C:3F1BH         LINE#         480
  C:3F1BH         LINE#         481
  C:3F1EH         LINE#         482
  C:3F21H         LINE#         483
  C:3F31H         LINE#         484
  C:3F47H         LINE#         485
  C:3F4AH         LINE#         486
  C:3F4DH         LINE#         487
  C:3F4DH         LINE#         488
  C:3F50H         LINE#         489
  C:3F53H         LINE#         490
  C:3F56H         LINE#         491
  C:3F56H         LINE#         492
  C:3F59H         LINE#         493
BL51 BANKED LINKER/LOCATER V6.22                                                      05/27/2019  15:40:45  PAGE 28


  C:3F6FH         LINE#         494
  C:3F85H         LINE#         495
  C:3F88H         LINE#         496
  C:3F8BH         LINE#         497
  C:3F8BH         LINE#         498
  C:3F8EH         LINE#         499
  C:3F91H         LINE#         500
  C:3FA1H         LINE#         501
  C:3FB7H         LINE#         502
  C:3FBAH         LINE#         503
  C:3FBDH         LINE#         504
  C:3FBDH         LINE#         505
  C:3FC0H         LINE#         506
  C:3FC3H         LINE#         507
  C:3FD3H         LINE#         508
  C:3FE9H         LINE#         509
  C:3FECH         LINE#         510
  C:3FEEH         LINE#         511
  C:3FEEH         LINE#         512
  C:3FF1H         LINE#         513
  C:3FF4H         LINE#         514
  C:4004H         LINE#         515
  C:401AH         LINE#         516
  C:401DH         LINE#         517
  C:401DH         LINE#         518
  C:401DH         LINE#         519
  C:401DH         LINE#         520
  C:401DH         LINE#         521
  C:4023H         LINE#         522
  C:4023H         LINE#         523
  C:402AH         LINE#         524
  C:4030H         LINE#         525
  C:4030H         LINE#         526
  C:4051H         LINE#         527
  C:4051H         LINE#         528
  C:4051H         LINE#         529
  C:4054H         LINE#         530
  C:406FH         LINE#         531
  C:407FH         LINE#         532
  C:4095H         LINE#         533
  C:4098H         LINE#         534
  C:409BH         LINE#         535
  C:409BH         LINE#         536
  C:409EH         LINE#         537
  C:40B9H         LINE#         538
  C:40BCH         LINE#         539
  C:40BCH         LINE#         540
  C:40BFH         LINE#         541
  C:40D5H         LINE#         542
  C:40EBH         LINE#         543
  C:40EEH         LINE#         544
  C:40F1H         LINE#         545
  C:40F1H         LINE#         546
  C:40F4H         LINE#         547
  C:410FH         LINE#         548
  C:411FH         LINE#         549
  C:4135H         LINE#         550
BL51 BANKED LINKER/LOCATER V6.22                                                      05/27/2019  15:40:45  PAGE 29


  C:4138H         LINE#         551
  C:413BH         LINE#         552
  C:413BH         LINE#         553
  C:413EH         LINE#         554
  C:4159H         LINE#         555
  C:4169H         LINE#         556
  C:417FH         LINE#         557
  C:4182H         LINE#         558
  C:4185H         LINE#         559
  C:4185H         LINE#         560
  C:4188H         LINE#         561
  C:41A3H         LINE#         562
  C:41B3H         LINE#         563
  C:41C9H         LINE#         564
  C:41CCH         LINE#         565
  C:41CFH         LINE#         566
  C:41CFH         LINE#         567
  C:41CFH         LINE#         568
  C:41CFH         LINE#         569
  C:41CFH         LINE#         570
  C:41CFH         LINE#         571
  C:41D2H         LINE#         572
  C:41D2H         LINE#         573
  C:41D9H         LINE#         574
  C:41DCH         LINE#         575
  C:41DCH         LINE#         576
  C:41E7H         LINE#         577
  C:41E7H         LINE#         578
  C:41E7H         LINE#         579
  C:41EAH         LINE#         580
  C:41EDH         LINE#         581
  C:41EDH         LINE#         582
  C:41F0H         LINE#         583
  C:41F0H         LINE#         584
  C:41F0H         LINE#         585
  C:41F0H         LINE#         586
  C:41F0H         LINE#         589
  C:41F3H         LINE#         590
  C:41F3H         LINE#         591
  C:41F3H         LINE#         592
  C:41F6H         LINE#         593
  C:41F6H         LINE#         594
  C:41FDH         LINE#         595
  C:4200H         LINE#         596
  C:4200H         LINE#         597
  C:4206H         LINE#         598
  C:420AH         LINE#         599
  C:420AH         LINE#         600
  C:420CH         LINE#         601
  C:4210H         LINE#         602
  C:4213H         LINE#         605
  C:4216H         LINE#         606
  C:4216H         LINE#         607
  C:4221H         LINE#         608
  C:4221H         LINE#         609
  C:4221H         LINE#         611
  C:4224H         LINE#         612
BL51 BANKED LINKER/LOCATER V6.22                                                      05/27/2019  15:40:45  PAGE 30


  C:4226H         LINE#         613
  C:4226H         LINE#         614
  C:4229H         LINE#         615
  C:422CH         LINE#         616
  C:422CH         LINE#         617
  C:422CH         LINE#         618
  C:422CH         LINE#         619
  C:422CH         LINE#         620
  C:422FH         LINE#         621
  C:422FH         LINE#         622
  C:4236H         LINE#         623
  C:4239H         LINE#         624
  C:4239H         LINE#         625
  C:4244H         LINE#         626
  C:4244H         LINE#         627
  C:4244H         LINE#         628
  C:4247H         LINE#         629
  C:424AH         LINE#         630
  C:425AH         LINE#         631
  C:4270H         LINE#         633
  C:4273H         LINE#         634
  C:4275H         LINE#         635
  C:4275H         LINE#         636
  C:4278H         LINE#         637
  C:427BH         LINE#         638
  C:428BH         LINE#         639
  C:42A1H         LINE#         640
  C:42A4H         LINE#         641
  C:42A4H         LINE#         642
  C:42A4H         LINE#         643
  C:42A4H         LINE#         644
  C:42A4H         LINE#         645
  C:42AAH         LINE#         646
  C:42AAH         LINE#         647
  C:42B1H         LINE#         648
  C:42B7H         LINE#         649
  C:42B7H         LINE#         650
  C:42C5H         LINE#         651
  C:42C5H         LINE#         652
  C:42C5H         LINE#         653
  C:42C8H         LINE#         654
  C:42E3H         LINE#         655
  C:42F3H         LINE#         656
  C:4309H         LINE#         658
  C:430CH         LINE#         659
  C:430FH         LINE#         660
  C:430FH         LINE#         661
  C:4312H         LINE#         662
  C:432DH         LINE#         663
  C:433DH         LINE#         664
  C:4353H         LINE#         665
  C:4356H         LINE#         666
  C:4359H         LINE#         667
  C:4359H         LINE#         668
  C:4359H         LINE#         669
  C:4359H         LINE#         670
  C:4359H         LINE#         671
BL51 BANKED LINKER/LOCATER V6.22                                                      05/27/2019  15:40:45  PAGE 31


  C:4359H         LINE#         672
  C:435CH         LINE#         673
  C:435CH         LINE#         674
  C:4363H         LINE#         675
  C:4366H         LINE#         676
  C:4366H         LINE#         677
  C:4375H         LINE#         678
  C:4375H         LINE#         679
  C:4375H         LINE#         680
  C:4378H         LINE#         681
  C:437AH         LINE#         682
  C:437AH         LINE#         683
  C:437DH         LINE#         684
  C:437FH         LINE#         685
  C:437FH         LINE#         686
  C:4382H         LINE#         687
  C:4382H         LINE#         688
  C:4382H         LINE#         689
  C:4387H         LINE#         690
  C:438BH         LINE#         693
  C:438EH         LINE#         694
  C:438EH         LINE#         695
  C:438EH         LINE#         696
  C:4391H         LINE#         697
  C:4391H         LINE#         698
  C:4398H         LINE#         699
  C:439BH         LINE#         700
  C:439BH         LINE#         701
  C:43A1H         LINE#         703
  C:43A5H         LINE#         704
  C:43A5H         LINE#         705
  C:43A7H         LINE#         707
  C:43AAH         LINE#         710
  C:43ADH         LINE#         711
  C:43ADH         LINE#         712
  C:43BCH         LINE#         713
  C:43BCH         LINE#         714
  C:43BCH         LINE#         716
  C:43BFH         LINE#         717
  C:43C1H         LINE#         718
  C:43C1H         LINE#         719
  C:43C4H         LINE#         720
  C:43C7H         LINE#         721
  C:43C9H         LINE#         722
  C:43C9H         LINE#         723
  C:43CCH         LINE#         724
  C:43CFH         LINE#         725
  C:43CFH         LINE#         726
  C:43CFH         LINE#         727
  C:43CFH         LINE#         728
  C:43CFH         LINE#         729
  C:43D5H         LINE#         730
  C:43D5H         LINE#         731
  C:43DCH         LINE#         732
  C:43E2H         LINE#         733
  C:43E2H         LINE#         734
  C:43F4H         LINE#         735
BL51 BANKED LINKER/LOCATER V6.22                                                      05/27/2019  15:40:45  PAGE 32


  C:43F4H         LINE#         736
  C:43F4H         LINE#         737
  C:43F7H         LINE#         738
  C:43FAH         LINE#         739
  C:440AH         LINE#         740
  C:4420H         LINE#         741
  C:4423H         LINE#         742
  C:4426H         LINE#         743
  C:4426H         LINE#         744
  C:4429H         LINE#         745
  C:442CH         LINE#         746
  C:442FH         LINE#         747
  C:442FH         LINE#         748
  C:4432H         LINE#         749
  C:4448H         LINE#         750
  C:445EH         LINE#         751
  C:4461H         LINE#         752
  C:4463H         LINE#         753
  C:4463H         LINE#         754
  C:4466H         LINE#         755
  C:4469H         LINE#         756
  C:4479H         LINE#         757
  C:448FH         LINE#         758
  C:4492H         LINE#         759
  C:4492H         LINE#         760
  C:4492H         LINE#         761
  C:4492H         LINE#         762
  C:4492H         LINE#         763
  C:4498H         LINE#         764
  C:4498H         LINE#         765
  C:449FH         LINE#         766
  C:44A5H         LINE#         767
  C:44A5H         LINE#         768
  C:44BAH         LINE#         769
  C:44BAH         LINE#         770
  C:44BAH         LINE#         771
  C:44BDH         LINE#         772
  C:44D8H         LINE#         773
  C:44E8H         LINE#         774
  C:44FEH         LINE#         775
  C:4501H         LINE#         776
  C:4504H         LINE#         777
  C:4504H         LINE#         778
  C:4507H         LINE#         779
  C:4522H         LINE#         780
  C:4525H         LINE#         781
  C:4525H         LINE#         782
  C:4528H         LINE#         783
  C:453EH         LINE#         784
  C:4554H         LINE#         785
  C:4557H         LINE#         786
  C:4559H         LINE#         787
  C:4559H         LINE#         788
  C:455CH         LINE#         789
  C:4577H         LINE#         790
  C:4587H         LINE#         791
  C:459DH         LINE#         792
BL51 BANKED LINKER/LOCATER V6.22                                                      05/27/2019  15:40:45  PAGE 33


  C:45A0H         LINE#         793
  C:45A0H         LINE#         794
  C:45A0H         LINE#         795
  C:45A0H         LINE#         796
  C:45A0H         LINE#         800
  C:45A0H         LINE#         801
  C:45A0H         LINE#         802
  C:45B2H         LINE#         803
  C:45B2H         LINE#         804
  C:45BAH         LINE#         805
  C:45BAH         LINE#         806
  C:45C8H         LINE#         807
  C:45CFH         LINE#         808
  C:45D2H         LINE#         809
  C:45D9H         LINE#         810
  C:45DCH         LINE#         811
  C:45E3H         LINE#         812
  C:45F9H         LINE#         813
  C:45F9H         LINE#         814
  C:45F9H         LINE#         815
  C:45F9H         LINE#         816
  C:45F9H         LINE#         817
  C:45F9H         LINE#         818
  C:45F9H         LINE#         819
  -------         ENDPROC       ADJUST_TIME
  -------         ENDMOD        DS1302

  -------         MODULE        IIC
  C:0000H         SYMBOL        _ICE_DUMMY_
  D:0090H         PUBLIC        P1
  D:00A0H         PUBLIC        P2
  D:00B0H         PUBLIC        P3
  C:9D55H         PUBLIC        noack
  C:9D1AH         PUBLIC        delay
  C:97EFH         PUBLIC        ack
  C:9D4DH         PUBLIC        start
  C:9D43H         PUBLIC        stop
  C:99A2H         PUBLIC        _read_IIC
  B:0090H.4       PUBLIC        SDA
  B:0090H.3       PUBLIC        SCL
  C:9C90H         PUBLIC        _write_IIC
  C:979DH         PUBLIC        IIC_read_byte
  C:9D39H         PUBLIC        init_IIC
  C:972BH         PUBLIC        _IIC_write_byte
  C:9D15H         SYMBOL        L?0024
  -------         PROC          L?0023
  -------         ENDPROC       L?0023
  C:9D15H         SYMBOL        L?0024
  -------         PROC          DELAY
  C:9D1AH         LINE#         15
  C:9D1AH         LINE#         16
  C:9D1AH         LINE#         17
  C:9D1CH         LINE#         18
  C:9D1EH         LINE#         19
  C:9D20H         LINE#         21
  -------         ENDPROC       DELAY
  -------         PROC          INIT_IIC
BL51 BANKED LINKER/LOCATER V6.22                                                      05/27/2019  15:40:45  PAGE 34


  C:9D39H         LINE#         28
  C:9D39H         LINE#         29
  C:9D39H         LINE#         30
  C:9D3BH         LINE#         31
  C:9D3EH         LINE#         32
  C:9D40H         LINE#         33
  -------         ENDPROC       INIT_IIC
  -------         PROC          START
  C:9D4DH         LINE#         41
  C:9D4DH         LINE#         42
  C:9D4DH         LINE#         43
  C:9D4DH         LINE#         44
  C:9D4DH         LINE#         45
  C:9D4DH         LINE#         46
  C:9D50H         LINE#         47
  C:9D52H         LINE#         48
  -------         ENDPROC       START
  -------         PROC          STOP
  C:9D43H         LINE#         56
  C:9D43H         LINE#         57
  C:9D43H         LINE#         58
  C:9D45H         LINE#         59
  C:9D45H         LINE#         60
  C:9D45H         LINE#         61
  C:9D48H         LINE#         62
  C:9D4AH         LINE#         63
  -------         ENDPROC       STOP
  -------         PROC          L?0022
  -------         ENDPROC       L?0022
  -------         PROC          ACK
  -------         DO            
  D:0007H         SYMBOL        i
  -------         ENDDO         
[...]
BL51 BANKED LINKER/LOCATER V6.22                                                      05/27/2019  15:40:45  PAGE 129


  C:96ACH         LINE#         121
  C:96B2H         LINE#         122
  C:96B2H         LINE#         123
  C:96B4H         LINE#         124
  C:96B5H         LINE#         125
  C:96C6H         LINE#         126
  C:96C6H         LINE#         127
  C:96CFH         LINE#         128
  C:96D0H         LINE#         129
  C:96D2H         LINE#         130
  C:96D2H         LINE#         131
  -------         ENDPROC       _STRING_TO_UCHAR
  -------         PROC          GET_CLINET
  -------         DO            
  X:00A8H         SYMBOL        i
  X:00A9H         SYMBOL        t
  D:0008H         SYMBOL        wifi_data_temp
  D:0010H         SYMBOL        sleep_data
  -------         ENDDO         
  C:31EDH         LINE#         133
  C:31EDH         LINE#         134
  C:31EDH         LINE#         135
  C:31F4H         LINE#         138
  C:31F8H         LINE#         139
  C:31FBH         LINE#         140
  C:3216H         LINE#         141
  C:321CH         LINE#         142
  C:321CH         LINE#         143
  C:3222H         LINE#         145
  C:3222H         LINE#         147
  C:322BH         LINE#         148
  C:322BH         LINE#         150
  C:322EH         LINE#         151
  C:323EH         LINE#         152
  C:3259H         LINE#         153
  C:3266H         LINE#         154
  C:3266H         LINE#         155
  C:326AH         LINE#         156
  C:3290H         LINE#         157
  C:3298H         LINE#         159
  C:329DH         LINE#         160
  C:32C4H         LINE#         161
  C:32CCH         LINE#         163
  C:32D1H         LINE#         164
  C:32F8H         LINE#         165
  C:3300H         LINE#         167
  C:3305H         LINE#         168
  C:332CH         LINE#         169
  C:3334H         LINE#         171
  C:3339H         LINE#         172
  C:3360H         LINE#         173
  C:3368H         LINE#         175
  C:336DH         LINE#         176
  C:3394H         LINE#         177
  C:339CH         LINE#         178
  C:33B2H         LINE#         180
  C:33BBH         LINE#         181
BL51 BANKED LINKER/LOCATER V6.22                                                      05/27/2019  15:40:45  PAGE 130


  C:33C4H         LINE#         182
  C:33C4H         LINE#         186
  C:33E8H         LINE#         187
  C:33E8H         LINE#         188
  C:33EDH         LINE#         189
  C:33F3H         LINE#         190
  C:33F3H         LINE#         191
  C:33F3H         LINE#         192
  C:33F5H         LINE#         193
  C:3418H         LINE#         194
  C:3418H         LINE#         195
  C:341DH         LINE#         196
  C:3425H         LINE#         197
  C:342EH         LINE#         198
  C:3438H         LINE#         199
  C:3438H         LINE#         200
  C:3458H         LINE#         201
  C:3458H         LINE#         202
  C:3463H         LINE#         203
  C:3463H         LINE#         204
  C:3467H         LINE#         205
  C:348EH         LINE#         206
  C:3496H         LINE#         208
  C:349BH         LINE#         209
  C:34C2H         LINE#         210
  C:34CAH         LINE#         211
  C:34D3H         LINE#         212
  C:34DCH         LINE#         213
  C:34E6H         LINE#         214
  C:34F0H         LINE#         215
  C:34F0H         LINE#         216
  C:34F0H         LINE#         217
  C:3510H         LINE#         218
  C:3510H         LINE#         219
  C:351BH         LINE#         220
  C:351BH         LINE#         221
  C:351FH         LINE#         222
  C:3546H         LINE#         223
  C:354EH         LINE#         224
  C:3553H         LINE#         225
  C:357AH         LINE#         226
  C:3582H         LINE#         227
  C:358BH         LINE#         228
  C:3594H         LINE#         229
  C:359EH         LINE#         230
  C:35A8H         LINE#         231
  C:35A8H         LINE#         232
  C:35A8H         LINE#         233
  C:35CCH         LINE#         234
  C:35CCH         LINE#         235
  C:35D4H         LINE#         236
  C:35DDH         LINE#         237
  C:35E0H         LINE#         238
  C:35EFH         LINE#         239
  C:35EFH         LINE#         240
  C:35FCH         LINE#         241
  C:3604H         LINE#         242
BL51 BANKED LINKER/LOCATER V6.22                                                      05/27/2019  15:40:45  PAGE 131


  C:3604H         LINE#         243
  C:3628H         LINE#         244
  C:3628H         LINE#         245
  C:362AH         LINE#         246
  C:3632H         LINE#         247
  C:363BH         LINE#         248
  C:364AH         LINE#         249
  C:364AH         LINE#         250
  C:3656H         LINE#         251
  C:365EH         LINE#         252
  C:3664H         LINE#         253
  C:3668H         LINE#         254
  C:3668H         LINE#         256
  C:368CH         LINE#         257
  C:368CH         LINE#         258
  C:368FH         LINE#         259
  C:3697H         LINE#         260
  C:36A0H         LINE#         261
  C:36AFH         LINE#         262
  C:36AFH         LINE#         263
  C:36BCH         LINE#         264
  C:36C4H         LINE#         265
  C:36C4H         LINE#         266
  C:36E8H         LINE#         267
  C:36E8H         LINE#         268
  C:36EAH         LINE#         269
  C:36F2H         LINE#         270
  C:36FBH         LINE#         272
  C:370AH         LINE#         273
  C:370AH         LINE#         274
  C:3716H         LINE#         275
  C:371EH         LINE#         276
  C:3724H         LINE#         277
  C:3728H         LINE#         278
  C:3728H         LINE#         280
  C:3748H         LINE#         281
  C:3748H         LINE#         282
  C:374EH         LINE#         283
  C:374EH         LINE#         284
  C:3752H         LINE#         285
  C:3778H         LINE#         286
  C:3780H         LINE#         288
  C:3785H         LINE#         289
  C:37ACH         LINE#         290
  C:37B4H         LINE#         291
  C:37B4H         LINE#         292
  C:37C7H         LINE#         293
  C:37D0H         LINE#         294
  C:37D9H         LINE#         295
  C:37D9H         LINE#         297
  C:37F9H         LINE#         298
  C:37F9H         LINE#         299
  C:37FFH         LINE#         300
  C:37FFH         LINE#         301
  C:3803H         LINE#         302
  C:3829H         LINE#         303
  C:3831H         LINE#         305
BL51 BANKED LINKER/LOCATER V6.22                                                      05/27/2019  15:40:45  PAGE 132


  C:3836H         LINE#         306
  C:385DH         LINE#         307
  C:3865H         LINE#         308
  C:3865H         LINE#         309
  C:3878H         LINE#         310
  C:3881H         LINE#         311
  C:388AH         LINE#         312
  C:388AH         LINE#         314
  C:389DH         LINE#         315
  C:389DH         LINE#         316
  C:38A7H         LINE#         317
  C:38A7H         LINE#         318
  C:38ACH         LINE#         319
  C:38D2H         LINE#         320
  C:38E0H         LINE#         321
  C:38E5H         LINE#         322
  C:390CH         LINE#         323
  C:391AH         LINE#         324
  C:391AH         LINE#         325
  C:3923H         LINE#         326
  C:392CH         LINE#         327
  C:3936H         LINE#         328
  C:3940H         LINE#         329
  C:3940H         LINE#         331
  C:394FH         LINE#         332
  C:394FH         LINE#         333
  C:3958H         LINE#         334
  C:3961H         LINE#         335
  C:396DH         LINE#         336
  C:396DH         LINE#         338
  C:3980H         LINE#         339
  C:3980H         LINE#         340
  C:3988H         LINE#         341
  C:3991H         LINE#         342
  C:39A0H         LINE#         343
  C:39A0H         LINE#         344
  C:39A5H         LINE#         345
  C:39A9H         LINE#         346
  C:39ACH         LINE#         347
  C:39ACH         LINE#         348
  C:39B8H         LINE#         349
  C:39BAH         LINE#         350
  C:39BAH         LINE#         351
  C:39BCH         LINE#         352
  C:39CCH         LINE#         353
  C:39CCH         LINE#         354
  C:39D2H         LINE#         355
  C:39D6H         LINE#         356
  C:39D8H         LINE#         357
  C:39DCH         LINE#         358
  C:39DCH         LINE#         359
  C:39E2H         LINE#         360
  C:39E6H         LINE#         361
  C:39E9H         LINE#         362
  C:39E9H         LINE#         363
  C:39F5H         LINE#         364
  C:39F7H         LINE#         365
BL51 BANKED LINKER/LOCATER V6.22                                                      05/27/2019  15:40:45  PAGE 133


  C:39F7H         LINE#         366
  C:39F7H         LINE#         367
  C:3A01H         LINE#         368
  C:3A0BH         LINE#         369
  C:3A0BH         LINE#         372
  C:3A1BH         LINE#         373
  C:3A1BH         LINE#         374
  C:3A25H         LINE#         375
  C:3A25H         LINE#         376
  C:3A2BH         LINE#         377
  C:3A2DH         LINE#         378
  C:3A31H         LINE#         379
  C:3A31H         LINE#         380
  C:3A37H         LINE#         381
  C:3A39H         LINE#         382
  C:3A3DH         LINE#         383
  C:3A3DH         LINE#         384
  C:3A43H         LINE#         385
  C:3A43H         LINE#         386
  C:3A4CH         LINE#         387
  C:3A55H         LINE#         388
  C:3A5FH         LINE#         389
  C:3A5FH         LINE#         392
  C:3A83H         LINE#         393
  C:3A83H         LINE#         394
  C:3A88H         LINE#         395
  C:3A8CH         LINE#         396
  C:3A95H         LINE#         397
  C:3A9EH         LINE#         398
  C:3AA8H         LINE#         399
  C:3AAFH         LINE#         400
  C:3AB1H         LINE#         401
  C:3AD5H         LINE#         402
  C:3AD5H         LINE#         403
  C:3AD9H         LINE#         404
  C:3ADDH         LINE#         405
  C:3AE5H         LINE#         406
  C:3AEEH         LINE#         407
  C:3AF8H         LINE#         408
  C:3B02H         LINE#         409
  C:3B02H         LINE#         411
  C:3B26H         LINE#         412
  C:3B26H         LINE#         413
  C:3B2BH         LINE#         414
  C:3B2FH         LINE#         415
  C:3B35H         LINE#         416
  C:3B35H         LINE#         417
  C:3B35H         LINE#         418
  C:3B35H         LINE#         419
  C:3B37H         LINE#         420
  C:3B5BH         LINE#         421
  C:3B5BH         LINE#         422
  C:3B5FH         LINE#         423
  C:3B63H         LINE#         424
  C:3B6BH         LINE#         425
  C:3B74H         LINE#         426
  C:3B7EH         LINE#         427
BL51 BANKED LINKER/LOCATER V6.22                                                      05/27/2019  15:40:45  PAGE 134


  C:3B88H         LINE#         428
  C:3B88H         LINE#         430
  C:3B9BH         LINE#         431
  C:3B9BH         LINE#         432
  C:3BA5H         LINE#         433
  C:3BA5H         LINE#         434
  C:3BABH         LINE#         435
  C:3BADH         LINE#         436
  C:3BB1H         LINE#         437
  C:3BB1H         LINE#         438
  C:3BB7H         LINE#         439
  C:3BB9H         LINE#         440
  C:3BBDH         LINE#         441
  C:3BBDH         LINE#         442
  C:3BC3H         LINE#         443
  C:3BC5H         LINE#         444
  C:3BC9H         LINE#         445
  C:3BC9H         LINE#         446
  C:3BCFH         LINE#         447
  C:3BD1H         LINE#         448
  C:3BD5H         LINE#         449
  C:3BD5H         LINE#         450
  C:3BDBH         LINE#         451
  C:3BDDH         LINE#         452
  C:3BE1H         LINE#         453
  C:3BE1H         LINE#         454
  C:3BE7H         LINE#         455
  C:3BE9H         LINE#         456
  C:3BEDH         LINE#         457
  C:3BEDH         LINE#         458
  C:3BF3H         LINE#         459
  C:3BF5H         LINE#         460
  C:3BF9H         LINE#         461
  C:3BF9H         LINE#         462
  C:3BFFH         LINE#         463
  C:3C01H         LINE#         464
  C:3C05H         LINE#         465
  C:3C05H         LINE#         466
  C:3C0BH         LINE#         467
  C:3C0BH         LINE#         468
  C:3C14H         LINE#         469
  C:3C1DH         LINE#         470
  C:3C27H         LINE#         471
  C:3C27H         LINE#         474
  C:3C3AH         LINE#         475
  C:3C3AH         LINE#         476
  C:3C42H         LINE#         477
  C:3C4BH         LINE#         480
  C:3C51H         LINE#         481
  C:3C51H         LINE#         482
  C:3C5FH         LINE#         483
  C:3C5FH         LINE#         484
  C:3C73H         LINE#         485
  C:3C73H         LINE#         486
  C:3C83H         LINE#         487
  C:3C85H         LINE#         488
  C:3C89H         LINE#         489
BL51 BANKED LINKER/LOCATER V6.22                                                      05/27/2019  15:40:45  PAGE 135


  C:3C89H         LINE#         490
  C:3C98H         LINE#         491
  C:3C98H         LINE#         492
  C:3CA0H         LINE#         493
  C:3CA0H         LINE#         494
  C:3CA4H         LINE#         495
  C:3CA4H         LINE#         496
  C:3CB2H         LINE#         497
  C:3CB2H         LINE#         498
  C:3CBEH         LINE#         499
  C:3CC6H         LINE#         500
  C:3CC6H         LINE#         501
  C:3CC6H         LINE#         503
  C:3CD9H         LINE#         504
  C:3CD9H         LINE#         505
  C:3CE1H         LINE#         506
  C:3CEAH         LINE#         507
  C:3CF0H         LINE#         508
  C:3CF0H         LINE#         509
  C:3CFEH         LINE#         510
  C:3CFEH         LINE#         511
  C:3D12H         LINE#         512
  C:3D12H         LINE#         513
  C:3D22H         LINE#         514
  C:3D24H         LINE#         515
  C:3D28H         LINE#         516
  C:3D28H         LINE#         517
  C:3D37H         LINE#         518
  C:3D37H         LINE#         519
  C:3D3FH         LINE#         520
  C:3D3FH         LINE#         521
  C:3D43H         LINE#         522
  C:3D43H         LINE#         523
  C:3D51H         LINE#         524
  C:3D51H         LINE#         525
  C:3D5DH         LINE#         526
  C:3D65H         LINE#         527
  C:3D65H         LINE#         528
  C:3D65H         LINE#         530
  C:3D89H         LINE#         531
  C:3D89H         LINE#         532
  C:3D8BH         LINE#         533
  C:3D8BH         LINE#         534
  C:3D8BH         LINE#         535
  C:3D8BH         LINE#         536
  C:3D8DH         LINE#         537
  C:3DB1H         LINE#         538
  C:3DB1H         LINE#         539
  C:3DB3H         LINE#         540
  C:3DBBH         LINE#         541
  C:3DC4H         LINE#         542
  C:3DCEH         LINE#         543
  C:3DCEH         LINE#         544
  C:3DE1H         LINE#         545
  C:3DE4H         LINE#         546
  C:3DE7H         LINE#         547
  C:3DF0H         LINE#         548
BL51 BANKED LINKER/LOCATER V6.22                                                      05/27/2019  15:40:45  PAGE 136


  C:3DF3H         LINE#         549
  C:3DF5H         LINE#         550
  C:3DF7H         LINE#         552
  C:3DF7H         LINE#         554
  -------         ENDPROC       GET_CLINET
  -------         PROC          WIFI_INIT
  C:9752H         LINE#         557
  C:9752H         LINE#         558
  C:9752H         LINE#         560
  C:9759H         LINE#         561
  C:975CH         LINE#         562
  C:9763H         LINE#         563
  C:976CH         LINE#         564
  -------         ENDPROC       WIFI_INIT
  -------         PROC          UARTINTERRUPT
  C:96D3H         LINE#         566
  C:96DEH         LINE#         568
  C:96E1H         LINE#         569
  C:96E1H         LINE#         570
  C:96EBH         LINE#         571
  C:96EDH         LINE#         572
  C:96F4H         LINE#         573
  C:96F7H         LINE#         574
  C:96F7H         LINE#         575
  -------         ENDPROC       UARTINTERRUPT
  -------         ENDMOD        MAIN2233

  -------         MODULE        ?C?COPY
  C:65F8H         PUBLIC        ?C?COPY
  -------         ENDMOD        ?C?COPY

  -------         MODULE        ?C?CLDPTR
  C:661EH         PUBLIC        ?C?CLDPTR
  -------         ENDMOD        ?C?CLDPTR

  -------         MODULE        ?C?CLDOPTR
  C:6637H         PUBLIC        ?C?CLDOPTR
  -------         ENDMOD        ?C?CLDOPTR

  -------         MODULE        ?C?CILDPTR
  C:6664H         PUBLIC        ?C?CILDPTR
  -------         ENDMOD        ?C?CILDPTR

  -------         MODULE        ?C?CILDOPTR
  C:6686H         PUBLIC        ?C?CILDOPTR
  -------         ENDMOD        ?C?CILDOPTR

  -------         MODULE        ?C?CSTPTR
  C:66B9H         PUBLIC        ?C?CSTPTR
  -------         ENDMOD        ?C?CSTPTR

  -------         MODULE        ?C?CSTOPTR
  C:66CBH         PUBLIC        ?C?CSTOPTR
  -------         ENDMOD        ?C?CSTOPTR

  -------         MODULE        ?C?IMUL
  C:66EDH         PUBLIC        ?C?IMUL
BL51 BANKED LINKER/LOCATER V6.22                                                      05/27/2019  15:40:45  PAGE 137


  -------         ENDMOD        ?C?IMUL

  -------         MODULE        ?C?UIDIV
  C:66FFH         PUBLIC        ?C?UIDIV
  -------         ENDMOD        ?C?UIDIV

  -------         MODULE        ?C?IILDX
  C:6754H         PUBLIC        ?C?IILDX
  -------         ENDMOD        ?C?IILDX

  -------         MODULE        ?C?OFFXADD
  C:676AH         PUBLIC        ?C?OFFXADD
  -------         ENDMOD        ?C?OFFXADD

  -------         MODULE        ?C?PLDXDATA
  C:6776H         PUBLIC        ?C?PLDXDATA
  -------         ENDMOD        ?C?PLDXDATA

  -------         MODULE        ?C?PLDIXDATA
  C:677FH         PUBLIC        ?C?PLDIXDATA
  -------         ENDMOD        ?C?PLDIXDATA

  -------         MODULE        ?C?PSTXDATA
  C:6796H         PUBLIC        ?C?PSTXDATA
  -------         ENDMOD        ?C?PSTXDATA

  -------         MODULE        ?C?CCASE
  C:679FH         PUBLIC        ?C?CCASE
  -------         ENDMOD        ?C?CCASE

  -------         MODULE        STRSTR
  X:0080H         PUBLIC        ?_strstr?BYTE
  C:85BCH         PUBLIC        _strstr
  -------         ENDMOD        STRSTR

*** WARNING L16: UNCALLED SEGMENT, IGNORED FOR OVERLAY PROCESS
    SEGMENT: ?PR?CLEAN_BIG_SET?HB

*** WARNING L16: UNCALLED SEGMENT, IGNORED FOR OVERLAY PROCESS
    SEGMENT: ?PR?_HB_SHOW_BIG_TEMP?HB

*** WARNING L16: UNCALLED SEGMENT, IGNORED FOR OVERLAY PROCESS
    SEGMENT: ?PR?SHOW_DATE?HB

*** WARNING L16: UNCALLED SEGMENT, IGNORED FOR OVERLAY PROCESS
    SEGMENT: ?PR?HB_SHOW_BIG_WEEK?HB

*** WARNING L16: UNCALLED SEGMENT, IGNORED FOR OVERLAY PROCESS
    SEGMENT: ?PR?CLEAN_FESTIVEL?HB

*** WARNING L16: UNCALLED SEGMENT, IGNORED FOR OVERLAY PROCESS
    SEGMENT: ?PR?GET_CLINET?MAIN2233

*** WARNING L16: UNCALLED SEGMENT, IGNORED FOR OVERLAY PROCESS
    SEGMENT: ?PR?WIFI_INIT?MAIN2233

Program Size: data=107.1 xdata=172 code=40307
BL51 BANKED LINKER/LOCATER V6.22                                                      05/27/2019  15:40:45  PAGE 138


LINK/LOCATE RUN COMPLETE.  7 WARNING(S),  0 ERROR(S)
